Archive member included to satisfy reference by file (symbol)

C:/ST/STM32CubeIDE_1.16.1/STM32CubeIDE/plugins/com.st.stm32cube.ide.mcu.externaltools.gnu-tools-for-stm32.12.3.rel1.win32_1.0.200.202406191623/tools/bin/../lib/gcc/arm-none-eabi/12.3.1/../../../../arm-none-eabi/lib/thumb/v7e-m+fp/hard\libc_nano.a(libc_a-exit.o)
                              C:/ST/STM32CubeIDE_1.16.1/STM32CubeIDE/plugins/com.st.stm32cube.ide.mcu.externaltools.gnu-tools-for-stm32.12.3.rel1.win32_1.0.200.202406191623/tools/bin/../lib/gcc/arm-none-eabi/12.3.1/../../../../arm-none-eabi/lib/thumb/v7e-m+fp/hard/crt0.o (exit)
C:/ST/STM32CubeIDE_1.16.1/STM32CubeIDE/plugins/com.st.stm32cube.ide.mcu.externaltools.gnu-tools-for-stm32.12.3.rel1.win32_1.0.200.202406191623/tools/bin/../lib/gcc/arm-none-eabi/12.3.1/../../../../arm-none-eabi/lib/thumb/v7e-m+fp/hard\libc_nano.a(libc_a-findfp.o)
                              C:/ST/STM32CubeIDE_1.16.1/STM32CubeIDE/plugins/com.st.stm32cube.ide.mcu.externaltools.gnu-tools-for-stm32.12.3.rel1.win32_1.0.200.202406191623/tools/bin/../lib/gcc/arm-none-eabi/12.3.1/../../../../arm-none-eabi/lib/thumb/v7e-m+fp/hard\libc_nano.a(libc_a-exit.o) (__stdio_exit_handler)
C:/ST/STM32CubeIDE_1.16.1/STM32CubeIDE/plugins/com.st.stm32cube.ide.mcu.externaltools.gnu-tools-for-stm32.12.3.rel1.win32_1.0.200.202406191623/tools/bin/../lib/gcc/arm-none-eabi/12.3.1/../../../../arm-none-eabi/lib/thumb/v7e-m+fp/hard\libc_nano.a(libc_a-fwalk.o)
                              C:/ST/STM32CubeIDE_1.16.1/STM32CubeIDE/plugins/com.st.stm32cube.ide.mcu.externaltools.gnu-tools-for-stm32.12.3.rel1.win32_1.0.200.202406191623/tools/bin/../lib/gcc/arm-none-eabi/12.3.1/../../../../arm-none-eabi/lib/thumb/v7e-m+fp/hard\libc_nano.a(libc_a-findfp.o) (_fwalk_sglue)
C:/ST/STM32CubeIDE_1.16.1/STM32CubeIDE/plugins/com.st.stm32cube.ide.mcu.externaltools.gnu-tools-for-stm32.12.3.rel1.win32_1.0.200.202406191623/tools/bin/../lib/gcc/arm-none-eabi/12.3.1/../../../../arm-none-eabi/lib/thumb/v7e-m+fp/hard\libc_nano.a(libc_a-stdio.o)
                              C:/ST/STM32CubeIDE_1.16.1/STM32CubeIDE/plugins/com.st.stm32cube.ide.mcu.externaltools.gnu-tools-for-stm32.12.3.rel1.win32_1.0.200.202406191623/tools/bin/../lib/gcc/arm-none-eabi/12.3.1/../../../../arm-none-eabi/lib/thumb/v7e-m+fp/hard\libc_nano.a(libc_a-findfp.o) (__sread)
C:/ST/STM32CubeIDE_1.16.1/STM32CubeIDE/plugins/com.st.stm32cube.ide.mcu.externaltools.gnu-tools-for-stm32.12.3.rel1.win32_1.0.200.202406191623/tools/bin/../lib/gcc/arm-none-eabi/12.3.1/../../../../arm-none-eabi/lib/thumb/v7e-m+fp/hard\libc_nano.a(libc_a-memset.o)
                              C:/ST/STM32CubeIDE_1.16.1/STM32CubeIDE/plugins/com.st.stm32cube.ide.mcu.externaltools.gnu-tools-for-stm32.12.3.rel1.win32_1.0.200.202406191623/tools/bin/../lib/gcc/arm-none-eabi/12.3.1/../../../../arm-none-eabi/lib/thumb/v7e-m+fp/hard/crt0.o (memset)
C:/ST/STM32CubeIDE_1.16.1/STM32CubeIDE/plugins/com.st.stm32cube.ide.mcu.externaltools.gnu-tools-for-stm32.12.3.rel1.win32_1.0.200.202406191623/tools/bin/../lib/gcc/arm-none-eabi/12.3.1/../../../../arm-none-eabi/lib/thumb/v7e-m+fp/hard\libc_nano.a(libc_a-closer.o)
                              C:/ST/STM32CubeIDE_1.16.1/STM32CubeIDE/plugins/com.st.stm32cube.ide.mcu.externaltools.gnu-tools-for-stm32.12.3.rel1.win32_1.0.200.202406191623/tools/bin/../lib/gcc/arm-none-eabi/12.3.1/../../../../arm-none-eabi/lib/thumb/v7e-m+fp/hard\libc_nano.a(libc_a-stdio.o) (_close_r)
C:/ST/STM32CubeIDE_1.16.1/STM32CubeIDE/plugins/com.st.stm32cube.ide.mcu.externaltools.gnu-tools-for-stm32.12.3.rel1.win32_1.0.200.202406191623/tools/bin/../lib/gcc/arm-none-eabi/12.3.1/../../../../arm-none-eabi/lib/thumb/v7e-m+fp/hard\libc_nano.a(libc_a-reent.o)
                              C:/ST/STM32CubeIDE_1.16.1/STM32CubeIDE/plugins/com.st.stm32cube.ide.mcu.externaltools.gnu-tools-for-stm32.12.3.rel1.win32_1.0.200.202406191623/tools/bin/../lib/gcc/arm-none-eabi/12.3.1/../../../../arm-none-eabi/lib/thumb/v7e-m+fp/hard\libc_nano.a(libc_a-closer.o) (errno)
C:/ST/STM32CubeIDE_1.16.1/STM32CubeIDE/plugins/com.st.stm32cube.ide.mcu.externaltools.gnu-tools-for-stm32.12.3.rel1.win32_1.0.200.202406191623/tools/bin/../lib/gcc/arm-none-eabi/12.3.1/../../../../arm-none-eabi/lib/thumb/v7e-m+fp/hard\libc_nano.a(libc_a-impure.o)
                              C:/ST/STM32CubeIDE_1.16.1/STM32CubeIDE/plugins/com.st.stm32cube.ide.mcu.externaltools.gnu-tools-for-stm32.12.3.rel1.win32_1.0.200.202406191623/tools/bin/../lib/gcc/arm-none-eabi/12.3.1/../../../../arm-none-eabi/lib/thumb/v7e-m+fp/hard\libc_nano.a(libc_a-reent.o) (_impure_ptr)
C:/ST/STM32CubeIDE_1.16.1/STM32CubeIDE/plugins/com.st.stm32cube.ide.mcu.externaltools.gnu-tools-for-stm32.12.3.rel1.win32_1.0.200.202406191623/tools/bin/../lib/gcc/arm-none-eabi/12.3.1/../../../../arm-none-eabi/lib/thumb/v7e-m+fp/hard\libc_nano.a(libc_a-lseekr.o)
[...]
Memory Configuration

Name             Origin             Length             Attributes
CCMRAM           0x10000000         0x00010000         xrw
RAM              0x20000000         0x00020000         xrw
FLASH            0x08000000         0x00100000         xr
*default*        0x00000000         0xffffffff

Linker script and memory map

LOAD C:/ST/STM32CubeIDE_1.16.1/STM32CubeIDE/plugins/com.st.stm32cube.ide.mcu.externaltools.gnu-tools-for-stm32.12.3.rel1.win32_1.0.200.202406191623/tools/bin/../lib/gcc/arm-none-eabi/12.3.1/thumb/v7e-m+fp/hard/crti.o
LOAD C:/ST/STM32CubeIDE_1.16.1/STM32CubeIDE/plugins/com.st.stm32cube.ide.mcu.externaltools.gnu-tools-for-stm32.12.3.rel1.win32_1.0.200.202406191623/tools/bin/../lib/gcc/arm-none-eabi/12.3.1/thumb/v7e-m+fp/hard/crtbegin.o
LOAD C:/ST/STM32CubeIDE_1.16.1/STM32CubeIDE/plugins/com.st.stm32cube.ide.mcu.externaltools.gnu-tools-for-stm32.12.3.rel1.win32_1.0.200.202406191623/tools/bin/../lib/gcc/arm-none-eabi/12.3.1/../../../../arm-none-eabi/lib/thumb/v7e-m+fp/hard/crt0.o
LOAD ./Core/Src/adc.o
LOAD ./Core/Src/dac.o
LOAD ./Core/Src/gpio.o
LOAD ./Core/Src/i2c.o
LOAD ./Core/Src/i2s.o
LOAD ./Core/Src/main.o
LOAD ./Core/Src/stm32f4xx_hal_msp.o
LOAD ./Core/Src/stm32f4xx_it.o
LOAD ./Core/Src/syscalls.o
LOAD ./Core/Src/sysmem.o
LOAD ./Core/Src/system_stm32f4xx.o
LOAD ./Core/Src/usart.o
LOAD ./Core/Startup/startup_stm32f407vgtx.o
LOAD ./Drivers/STM32F4xx_HAL_Driver/Src/stm32f4xx_hal.o
LOAD ./Drivers/STM32F4xx_HAL_Driver/Src/stm32f4xx_hal_adc.o
LOAD ./Drivers/STM32F4xx_HAL_Driver/Src/stm32f4xx_hal_adc_ex.o
LOAD ./Drivers/STM32F4xx_HAL_Driver/Src/stm32f4xx_hal_cortex.o
LOAD ./Drivers/STM32F4xx_HAL_Driver/Src/stm32f4xx_hal_dac.o
LOAD ./Drivers/STM32F4xx_HAL_Driver/Src/stm32f4xx_hal_dac_ex.o
LOAD ./Drivers/STM32F4xx_HAL_Driver/Src/stm32f4xx_hal_dma.o
LOAD ./Drivers/STM32F4xx_HAL_Driver/Src/stm32f4xx_hal_dma_ex.o
LOAD ./Drivers/STM32F4xx_HAL_Driver/Src/stm32f4xx_hal_exti.o
LOAD ./Drivers/STM32F4xx_HAL_Driver/Src/stm32f4xx_hal_flash.o
LOAD ./Drivers/STM32F4xx_HAL_Driver/Src/stm32f4xx_hal_flash_ex.o
LOAD ./Drivers/STM32F4xx_HAL_Driver/Src/stm32f4xx_hal_flash_ramfunc.o
LOAD ./Drivers/STM32F4xx_HAL_Driver/Src/stm32f4xx_hal_gpio.o
LOAD ./Drivers/STM32F4xx_HAL_Driver/Src/stm32f4xx_hal_i2c.o
LOAD ./Drivers/STM32F4xx_HAL_Driver/Src/stm32f4xx_hal_i2c_ex.o
LOAD ./Drivers/STM32F4xx_HAL_Driver/Src/stm32f4xx_hal_i2s.o
LOAD ./Drivers/STM32F4xx_HAL_Driver/Src/stm32f4xx_hal_i2s_ex.o
LOAD ./Drivers/STM32F4xx_HAL_Driver/Src/stm32f4xx_hal_pcd.o
LOAD ./Drivers/STM32F4xx_HAL_Driver/Src/stm32f4xx_hal_pcd_ex.o
LOAD ./Drivers/STM32F4xx_HAL_Driver/Src/stm32f4xx_hal_pwr.o
LOAD ./Drivers/STM32F4xx_HAL_Driver/Src/stm32f4xx_hal_pwr_ex.o
LOAD ./Drivers/STM32F4xx_HAL_Driver/Src/stm32f4xx_hal_rcc.o
LOAD ./Drivers/STM32F4xx_HAL_Driver/Src/stm32f4xx_hal_rcc_ex.o
LOAD ./Drivers/STM32F4xx_HAL_Driver/Src/stm32f4xx_hal_tim.o
LOAD ./Drivers/STM32F4xx_HAL_Driver/Src/stm32f4xx_hal_tim_ex.o
LOAD ./Drivers/STM32F4xx_HAL_Driver/Src/stm32f4xx_hal_uart.o
LOAD ./Drivers/STM32F4xx_HAL_Driver/Src/stm32f4xx_ll_adc.o
LOAD ./Drivers/STM32F4xx_HAL_Driver/Src/stm32f4xx_ll_usb.o
LOAD ./Middlewares/ST/STM32_USB_Device_Library/Class/CDC/Src/usbd_cdc.o
LOAD ./Middlewares/ST/STM32_USB_Device_Library/Core/Src/usbd_core.o
LOAD ./Middlewares/ST/STM32_USB_Device_Library/Core/Src/usbd_ctlreq.o
LOAD ./Middlewares/ST/STM32_USB_Device_Library/Core/Src/usbd_ioreq.o
LOAD ./USB_DEVICE/App/usb_device.o
LOAD ./USB_DEVICE/App/usbd_cdc_if.o
LOAD ./USB_DEVICE/App/usbd_desc.o
LOAD ./USB_DEVICE/Target/usbd_conf.o
START GROUP
LOAD C:/ST/STM32CubeIDE_1.16.1/STM32CubeIDE/plugins/com.st.stm32cube.ide.mcu.externaltools.gnu-tools-for-stm32.12.3.rel1.win32_1.0.200.202406191623/tools/bin/../lib/gcc/arm-none-eabi/12.3.1/../../../../arm-none-eabi/lib/thumb/v7e-m+fp/hard\libc_nano.a
LOAD C:/ST/STM32CubeIDE_1.16.1/STM32CubeIDE/plugins/com.st.stm32cube.ide.mcu.externaltools.gnu-tools-for-stm32.12.3.rel1.win32_1.0.200.202406191623/tools/bin/../lib/gcc/arm-none-eabi/12.3.1/../../../../arm-none-eabi/lib/thumb/v7e-m+fp/hard\libm.a
END GROUP
START GROUP
LOAD C:/ST/STM32CubeIDE_1.16.1/STM32CubeIDE/plugins/com.st.stm32cube.ide.mcu.externaltools.gnu-tools-for-stm32.12.3.rel1.win32_1.0.200.202406191623/tools/bin/../lib/gcc/arm-none-eabi/12.3.1/thumb/v7e-m+fp/hard\libgcc.a
LOAD C:/ST/STM32CubeIDE_1.16.1/STM32CubeIDE/plugins/com.st.stm32cube.ide.mcu.externaltools.gnu-tools-for-stm32.12.3.rel1.win32_1.0.200.202406191623/tools/bin/../lib/gcc/arm-none-eabi/12.3.1/../../../../arm-none-eabi/lib/thumb/v7e-m+fp/hard\libc_nano.a
END GROUP
START GROUP
LOAD C:/ST/STM32CubeIDE_1.16.1/STM32CubeIDE/plugins/com.st.stm32cube.ide.mcu.externaltools.gnu-tools-for-stm32.12.3.rel1.win32_1.0.200.202406191623/tools/bin/../lib/gcc/arm-none-eabi/12.3.1/thumb/v7e-m+fp/hard\libgcc.a
LOAD C:/ST/STM32CubeIDE_1.16.1/STM32CubeIDE/plugins/com.st.stm32cube.ide.mcu.externaltools.gnu-tools-for-stm32.12.3.rel1.win32_1.0.200.202406191623/tools/bin/../lib/gcc/arm-none-eabi/12.3.1/../../../../arm-none-eabi/lib/thumb/v7e-m+fp/hard\libc_nano.a
LOAD C:/ST/STM32CubeIDE_1.16.1/STM32CubeIDE/plugins/com.st.stm32cube.ide.mcu.externaltools.gnu-tools-for-stm32.12.3.rel1.win32_1.0.200.202406191623/tools/bin/../lib/gcc/arm-none-eabi/12.3.1/../../../../arm-none-eabi/lib/thumb/v7e-m+fp/hard\libnosys.a
END GROUP
START GROUP
LOAD C:/ST/STM32CubeIDE_1.16.1/STM32CubeIDE/plugins/com.st.stm32cube.ide.mcu.externaltools.gnu-tools-for-stm32.12.3.rel1.win32_1.0.200.202406191623/tools/bin/../lib/gcc/arm-none-eabi/12.3.1/thumb/v7e-m+fp/hard\libgcc.a
LOAD C:/ST/STM32CubeIDE_1.16.1/STM32CubeIDE/plugins/com.st.stm32cube.ide.mcu.externaltools.gnu-tools-for-stm32.12.3.rel1.win32_1.0.200.202406191623/tools/bin/../lib/gcc/arm-none-eabi/12.3.1/../../../../arm-none-eabi/lib/thumb/v7e-m+fp/hard\libc_nano.a
LOAD C:/ST/STM32CubeIDE_1.16.1/STM32CubeIDE/plugins/com.st.stm32cube.ide.mcu.externaltools.gnu-tools-for-stm32.12.3.rel1.win32_1.0.200.202406191623/tools/bin/../lib/gcc/arm-none-eabi/12.3.1/../../../../arm-none-eabi/lib/thumb/v7e-m+fp/hard\libnosys.a
END GROUP
LOAD C:/ST/STM32CubeIDE_1.16.1/STM32CubeIDE/plugins/com.st.stm32cube.ide.mcu.externaltools.gnu-tools-for-stm32.12.3.rel1.win32_1.0.200.202406191623/tools/bin/../lib/gcc/arm-none-eabi/12.3.1/thumb/v7e-m+fp/hard/crtend.o
LOAD C:/ST/STM32CubeIDE_1.16.1/STM32CubeIDE/plugins/com.st.stm32cube.ide.mcu.externaltools.gnu-tools-for-stm32.12.3.rel1.win32_1.0.200.202406191623/tools/bin/../lib/gcc/arm-none-eabi/12.3.1/thumb/v7e-m+fp/hard/crtn.o
                0x20020000                        _estack = (ORIGIN (RAM) + LENGTH (RAM))
                0x00000200                        _Min_Heap_Size = 0x200
                0x00000400                        _Min_Stack_Size = 0x400

.isr_vector     0x08000000      0x188
                0x08000000                        . = ALIGN (0x4)
 *(.isr_vector)
 .isr_vector    0x08000000      0x188 ./Core/Startup/startup_stm32f407vgtx.o
                0x08000000                g_pfnVectors
                0x08000188                        . = ALIGN (0x4)

.text           0x08000188     0x8c58
                0x08000188                        . = ALIGN (0x4)
 *(.text)
 .text          0x08000188       0x40 C:/ST/STM32CubeIDE_1.16.1/STM32CubeIDE/plugins/com.st.stm32cube.ide.mcu.externaltools.gnu-tools-for-stm32.12.3.rel1.win32_1.0.200.202406191623/tools/bin/../lib/gcc/arm-none-eabi/12.3.1/thumb/v7e-m+fp/hard/crtbegin.o
 .text          0x080001c8       0x30 C:/ST/STM32CubeIDE_1.16.1/STM32CubeIDE/plugins/com.st.stm32cube.ide.mcu.externaltools.gnu-tools-for-stm32.12.3.rel1.win32_1.0.200.202406191623/tools/bin/../lib/gcc/arm-none-eabi/12.3.1/thumb/v7e-m+fp/hard\libgcc.a(_aeabi_uldivmod.o)
                0x080001c8                __aeabi_uldivmod
 .text          0x080001f8      0x2bc C:/ST/STM32CubeIDE_1.16.1/STM32CubeIDE/plugins/com.st.stm32cube.ide.mcu.externaltools.gnu-tools-for-stm32.12.3.rel1.win32_1.0.200.202406191623/tools/bin/../lib/gcc/arm-none-eabi/12.3.1/thumb/v7e-m+fp/hard\libgcc.a(_udivmoddi4.o)
                0x080001f8                __udivmoddi4
 .text          0x080004b4        0x4 C:/ST/STM32CubeIDE_1.16.1/STM32CubeIDE/plugins/com.st.stm32cube.ide.mcu.externaltools.gnu-tools-for-stm32.12.3.rel1.win32_1.0.200.202406191623/tools/bin/../lib/gcc/arm-none-eabi/12.3.1/thumb/v7e-m+fp/hard\libgcc.a(_dvmd_tls.o)
                0x080004b4                __aeabi_idiv0
                0x080004b4                __aeabi_ldiv0
 *(.text*)
 .text.MX_ADC1_Init
                0x080004b8       0xa4 ./Core/Src/adc.o
                0x080004b8                MX_ADC1_Init
 .text.HAL_ADC_MspInit
                0x0800055c       0x88 ./Core/Src/adc.o
                0x0800055c                HAL_ADC_MspInit
 .text.MX_DAC_Init
                0x080005e4       0x54 ./Core/Src/dac.o
                0x080005e4                MX_DAC_Init
 .text.HAL_DAC_MspInit
                0x08000638       0x88 ./Core/Src/dac.o
                0x08000638                HAL_DAC_MspInit
 .text.MX_GPIO_Init
                0x080006c0      0x21c ./Core/Src/gpio.o
                0x080006c0                MX_GPIO_Init
 .text.MX_I2C1_Init
                0x080008dc       0x5c ./Core/Src/i2c.o
                0x080008dc                MX_I2C1_Init
 .text.HAL_I2C_MspInit
                0x08000938       0x90 ./Core/Src/i2c.o
                0x08000938                HAL_I2C_MspInit
 .text.MX_I2S3_Init
                0x080009c8       0x60 ./Core/Src/i2s.o
                0x080009c8                MX_I2S3_Init
 .text.HAL_I2S_MspInit
                0x08000a28      0x100 ./Core/Src/i2s.o
                0x08000a28                HAL_I2S_MspInit
 .text.main     0x08000b28       0x70 ./Core/Src/main.o
                0x08000b28                main
 .text.SystemClock_Config
                0x08000b98       0xd4 ./Core/Src/main.o
                0x08000b98                SystemClock_Config
 .text.Error_Handler
                0x08000c6c        0xc ./Core/Src/main.o
                0x08000c6c                Error_Handler
 .text.HAL_MspInit
                0x08000c78       0x50 ./Core/Src/stm32f4xx_hal_msp.o
                0x08000c78                HAL_MspInit
 .text.NMI_Handler
                0x08000cc8        0x8 ./Core/Src/stm32f4xx_it.o
                0x08000cc8                NMI_Handler
 .text.HardFault_Handler
                0x08000cd0        0x8 ./Core/Src/stm32f4xx_it.o
                0x08000cd0                HardFault_Handler
 .text.MemManage_Handler
                0x08000cd8        0x8 ./Core/Src/stm32f4xx_it.o
                0x08000cd8                MemManage_Handler
 .text.BusFault_Handler
                0x08000ce0        0x8 ./Core/Src/stm32f4xx_it.o
                0x08000ce0                BusFault_Handler
 .text.UsageFault_Handler
                0x08000ce8        0x8 ./Core/Src/stm32f4xx_it.o
                0x08000ce8                UsageFault_Handler
 .text.SVC_Handler
                0x08000cf0        0xe ./Core/Src/stm32f4xx_it.o
                0x08000cf0                SVC_Handler
 .text.DebugMon_Handler
                0x08000cfe        0xe ./Core/Src/stm32f4xx_it.o
                0x08000cfe                DebugMon_Handler
 .text.PendSV_Handler
                0x08000d0c        0xe ./Core/Src/stm32f4xx_it.o
                0x08000d0c                PendSV_Handler
 .text.SysTick_Handler
                0x08000d1a        0xc ./Core/Src/stm32f4xx_it.o
                0x08000d1a                SysTick_Handler
 *fill*         0x08000d26        0x2 
 .text.OTG_FS_IRQHandler
                0x08000d28       0x14 ./Core/Src/stm32f4xx_it.o
                0x08000d28                OTG_FS_IRQHandler
 .text.SystemInit
                0x08000d3c       0x24 ./Core/Src/system_stm32f4xx.o
                0x08000d3c                SystemInit
 .text.MX_USART2_UART_Init
                0x08000d60       0x54 ./Core/Src/usart.o
                0x08000d60                MX_USART2_UART_Init
 .text.HAL_UART_MspInit
                0x08000db4       0x90 ./Core/Src/usart.o
                0x08000db4                HAL_UART_MspInit
 .text.Reset_Handler
                0x08000e44       0x50 ./Core/Startup/startup_stm32f407vgtx.o
                0x08000e44                Reset_Handler
 .text.Default_Handler
                0x08000e94        0x2 ./Core/Startup/startup_stm32f407vgtx.o
                0x08000e94                RTC_Alarm_IRQHandler
                0x08000e94                HASH_RNG_IRQHandler
                0x08000e94                EXTI2_IRQHandler
                0x08000e94                TIM8_CC_IRQHandler
                0x08000e94                TIM1_CC_IRQHandler
                0x08000e94                DMA2_Stream5_IRQHandler
                0x08000e94                DMA1_Stream5_IRQHandler
                0x08000e94                PVD_IRQHandler
                0x08000e94                SDIO_IRQHandler
                0x08000e94                TAMP_STAMP_IRQHandler
                0x08000e94                CAN2_RX1_IRQHandler
                0x08000e94                EXTI3_IRQHandler
                0x08000e94                TIM8_TRG_COM_TIM14_IRQHandler
                0x08000e94                TIM1_UP_TIM10_IRQHandler
                0x08000e94                TIM8_UP_TIM13_IRQHandler
                0x08000e94                I2C3_ER_IRQHandler
                0x08000e94                EXTI0_IRQHandler
                0x08000e94                I2C2_EV_IRQHandler
                0x08000e94                DMA1_Stream2_IRQHandler
                0x08000e94                CAN1_RX0_IRQHandler
                0x08000e94                FPU_IRQHandler
                0x08000e94                OTG_HS_WKUP_IRQHandler
                0x08000e94                CAN2_SCE_IRQHandler
                0x08000e94                DMA2_Stream2_IRQHandler
                0x08000e94                SPI1_IRQHandler
                0x08000e94                TIM6_DAC_IRQHandler
                0x08000e94                TIM1_BRK_TIM9_IRQHandler
                0x08000e94                DCMI_IRQHandler
                0x08000e94                CAN2_RX0_IRQHandler
                0x08000e94                DMA2_Stream3_IRQHandler
                0x08000e94                USART6_IRQHandler
                0x08000e94                USART3_IRQHandler
                0x08000e94                CAN1_RX1_IRQHandler
                0x08000e94                UART5_IRQHandler
                0x08000e94                DMA2_Stream0_IRQHandler
                0x08000e94                TIM4_IRQHandler
                0x08000e94                I2C1_EV_IRQHandler
                0x08000e94                DMA1_Stream6_IRQHandler
                0x08000e94                DMA1_Stream1_IRQHandler
                0x08000e94                UART4_IRQHandler
                0x08000e94                TIM3_IRQHandler
                0x08000e94                RCC_IRQHandler
                0x08000e94                TIM8_BRK_TIM12_IRQHandler
                0x08000e94                Default_Handler
                0x08000e94                EXTI15_10_IRQHandler
                0x08000e94                ADC_IRQHandler
                0x08000e94                DMA1_Stream7_IRQHandler
                0x08000e94                TIM7_IRQHandler
                0x08000e94                CAN2_TX_IRQHandler
                0x08000e94                TIM5_IRQHandler
                0x08000e94                DMA2_Stream7_IRQHandler
                0x08000e94                I2C3_EV_IRQHandler
                0x08000e94                EXTI9_5_IRQHandler
                0x08000e94                RTC_WKUP_IRQHandler
                0x08000e94                ETH_WKUP_IRQHandler
                0x08000e94                SPI2_IRQHandler
                0x08000e94                OTG_HS_EP1_IN_IRQHandler
                0x08000e94                DMA1_Stream0_IRQHandler
                0x08000e94                CAN1_TX_IRQHandler
                0x08000e94                EXTI4_IRQHandler
                0x08000e94                FSMC_IRQHandler
                0x08000e94                ETH_IRQHandler
                0x08000e94                OTG_HS_EP1_OUT_IRQHandler
                0x08000e94                WWDG_IRQHandler
                0x08000e94                TIM2_IRQHandler
                0x08000e94                OTG_FS_WKUP_IRQHandler
                0x08000e94                TIM1_TRG_COM_TIM11_IRQHandler
                0x08000e94                OTG_HS_IRQHandler
                0x08000e94                EXTI1_IRQHandler
                0x08000e94                USART2_IRQHandler
                0x08000e94                I2C2_ER_IRQHandler
                0x08000e94                DMA2_Stream1_IRQHandler
                0x08000e94                CAN1_SCE_IRQHandler
                0x08000e94                FLASH_IRQHandler
                0x08000e94                DMA2_Stream4_IRQHandler
                0x08000e94                USART1_IRQHandler
                0x08000e94                SPI3_IRQHandler
                0x08000e94                DMA1_Stream4_IRQHandler
                0x08000e94                I2C1_ER_IRQHandler
                0x08000e94                DMA2_Stream6_IRQHandler
                0x08000e94                DMA1_Stream3_IRQHandler
 *fill*         0x08000e96        0x2 
 .text.HAL_Init
                0x08000e98       0x44 ./Drivers/STM32F4xx_HAL_Driver/Src/stm32f4xx_hal.o
                0x08000e98                HAL_Init
 .text.HAL_InitTick
                0x08000edc       0x60 ./Drivers/STM32F4xx_HAL_Driver/Src/stm32f4xx_hal.o
                0x08000edc                HAL_InitTick
 .text.HAL_IncTick
                0x08000f3c       0x28 ./Drivers/STM32F4xx_HAL_Driver/Src/stm32f4xx_hal.o
                0x08000f3c                HAL_IncTick
 .text.HAL_GetTick
                0x08000f64       0x18 ./Drivers/STM32F4xx_HAL_Driver/Src/stm32f4xx_hal.o
                0x08000f64                HAL_GetTick
 .text.HAL_Delay
                0x08000f7c       0x48 ./Drivers/STM32F4xx_HAL_Driver/Src/stm32f4xx_hal.o
                0x08000f7c                HAL_Delay
 .text.HAL_ADC_Init
                0x08000fc4       0x86 ./Drivers/STM32F4xx_HAL_Driver/Src/stm32f4xx_hal_adc.o
                0x08000fc4                HAL_ADC_Init
 *fill*         0x0800104a        0x2 
 .text.HAL_ADC_ConfigChannel
                0x0800104c      0x244 ./Drivers/STM32F4xx_HAL_Driver/Src/stm32f4xx_hal_adc.o
                0x0800104c                HAL_ADC_ConfigChannel
 .text.ADC_Init
                0x08001290      0x1f8 ./Drivers/STM32F4xx_HAL_Driver/Src/stm32f4xx_hal_adc.o
 .text.__NVIC_SetPriorityGrouping
                0x08001488       0x48 ./Drivers/STM32F4xx_HAL_Driver/Src/stm32f4xx_hal_cortex.o
 .text.__NVIC_GetPriorityGrouping
                0x080014d0       0x1c ./Drivers/STM32F4xx_HAL_Driver/Src/stm32f4xx_hal_cortex.o
 .text.__NVIC_EnableIRQ
                0x080014ec       0x3c ./Drivers/STM32F4xx_HAL_Driver/Src/stm32f4xx_hal_cortex.o
 .text.__NVIC_SetPriority
                0x08001528       0x54 ./Drivers/STM32F4xx_HAL_Driver/Src/stm32f4xx_hal_cortex.o
 .text.NVIC_EncodePriority
                0x0800157c       0x66 ./Drivers/STM32F4xx_HAL_Driver/Src/stm32f4xx_hal_cortex.o
 *fill*         0x080015e2        0x2 
 .text.SysTick_Config
                0x080015e4       0x44 ./Drivers/STM32F4xx_HAL_Driver/Src/stm32f4xx_hal_cortex.o
 .text.HAL_NVIC_SetPriorityGrouping
                0x08001628       0x16 ./Drivers/STM32F4xx_HAL_Driver/Src/stm32f4xx_hal_cortex.o
                0x08001628                HAL_NVIC_SetPriorityGrouping
 .text.HAL_NVIC_SetPriority
                0x0800163e       0x38 ./Drivers/STM32F4xx_HAL_Driver/Src/stm32f4xx_hal_cortex.o
                0x0800163e                HAL_NVIC_SetPriority
 .text.HAL_NVIC_EnableIRQ
                0x08001676       0x1c ./Drivers/STM32F4xx_HAL_Driver/Src/stm32f4xx_hal_cortex.o
                0x08001676                HAL_NVIC_EnableIRQ
 .text.HAL_SYSTICK_Config
                0x08001692       0x18 ./Drivers/STM32F4xx_HAL_Driver/Src/stm32f4xx_hal_cortex.o
                0x08001692                HAL_SYSTICK_Config
 .text.HAL_DAC_Init
                0x080016aa       0x44 ./Drivers/STM32F4xx_HAL_Driver/Src/stm32f4xx_hal_dac.o
                0x080016aa                HAL_DAC_Init
 .text.HAL_DAC_Start
                0x080016ee       0xae ./Drivers/STM32F4xx_HAL_Driver/Src/stm32f4xx_hal_dac.o
                0x080016ee                HAL_DAC_Start
 .text.HAL_DAC_SetValue
                0x0800179c       0x54 ./Drivers/STM32F4xx_HAL_Driver/Src/stm32f4xx_hal_dac.o
                0x0800179c                HAL_DAC_SetValue
 .text.HAL_DAC_ConfigChannel
                0x080017f0       0xb2 ./Drivers/STM32F4xx_HAL_Driver/Src/stm32f4xx_hal_dac.o
                0x080017f0                HAL_DAC_ConfigChannel
 *fill*         0x080018a2        0x2 
 .text.HAL_GPIO_Init
                0x080018a4      0x338 ./Drivers/STM32F4xx_HAL_Driver/Src/stm32f4xx_hal_gpio.o
                0x080018a4                HAL_GPIO_Init
 .text.HAL_GPIO_WritePin
                0x08001bdc       0x32 ./Drivers/STM32F4xx_HAL_Driver/Src/stm32f4xx_hal_gpio.o
                0x08001bdc                HAL_GPIO_WritePin
 *fill*         0x08001c0e        0x2 
 .text.HAL_I2C_Init
                0x08001c10      0x288 ./Drivers/STM32F4xx_HAL_Driver/Src/stm32f4xx_hal_i2c.o
                0x08001c10                HAL_I2C_Init
 .text.HAL_I2S_Init
                0x08001e98      0x280 ./Drivers/STM32F4xx_HAL_Driver/Src/stm32f4xx_hal_i2s.o
                0x08001e98                HAL_I2S_Init
 .text.HAL_I2S_TxCpltCallback
                0x08002118       0x14 ./Drivers/STM32F4xx_HAL_Driver/Src/stm32f4xx_hal_i2s.o
                0x08002118                HAL_I2S_TxCpltCallback
 .text.HAL_I2S_RxCpltCallback
                0x0800212c       0x14 ./Drivers/STM32F4xx_HAL_Driver/Src/stm32f4xx_hal_i2s.o
                0x0800212c                HAL_I2S_RxCpltCallback
 .text.HAL_I2S_ErrorCallback
                0x08002140       0x14 ./Drivers/STM32F4xx_HAL_Driver/Src/stm32f4xx_hal_i2s.o
                0x08002140                HAL_I2S_ErrorCallback
 .text.I2S_Transmit_IT
                0x08002154       0x5c ./Drivers/STM32F4xx_HAL_Driver/Src/stm32f4xx_hal_i2s.o
 .text.I2S_Receive_IT
                0x080021b0       0x5e ./Drivers/STM32F4xx_HAL_Driver/Src/stm32f4xx_hal_i2s.o
 .text.I2S_IRQHandler
                0x0800220e      0x114 ./Drivers/STM32F4xx_HAL_Driver/Src/stm32f4xx_hal_i2s.o
 *fill*         0x08002322        0x2 
 .text.HAL_I2SEx_FullDuplex_IRQHandler
                0x08002324      0x2a8 ./Drivers/STM32F4xx_HAL_Driver/Src/stm32f4xx_hal_i2s_ex.o
                0x08002324                HAL_I2SEx_FullDuplex_IRQHandler
 .text.HAL_I2SEx_TxRxCpltCallback
                0x080025cc       0x14 ./Drivers/STM32F4xx_HAL_Driver/Src/stm32f4xx_hal_i2s_ex.o
                0x080025cc                HAL_I2SEx_TxRxCpltCallback
 .text.I2SEx_TxISR_I2S
                0x080025e0       0x62 ./Drivers/STM32F4xx_HAL_Driver/Src/stm32f4xx_hal_i2s_ex.o
 *fill*         0x08002642        0x2 
 .text.I2SEx_TxISR_I2SExt
                0x08002644       0x98 ./Drivers/STM32F4xx_HAL_Driver/Src/stm32f4xx_hal_i2s_ex.o
 .text.I2SEx_RxISR_I2S
                0x080026dc       0x64 ./Drivers/STM32F4xx_HAL_Driver/Src/stm32f4xx_hal_i2s_ex.o
 .text.I2SEx_RxISR_I2SExt
                0x08002740       0x98 ./Drivers/STM32F4xx_HAL_Driver/Src/stm32f4xx_hal_i2s_ex.o
 .text.HAL_PCD_Init
                0x080027d8      0x21e ./Drivers/STM32F4xx_HAL_Driver/Src/stm32f4xx_hal_pcd.o
                0x080027d8                HAL_PCD_Init
 .text.HAL_PCD_Start
                0x080029f6       0x6a ./Drivers/STM32F4xx_HAL_Driver/Src/stm32f4xx_hal_pcd.o
                0x080029f6                HAL_PCD_Start
 .text.HAL_PCD_IRQHandler
                0x08002a60      0x942 ./Drivers/STM32F4xx_HAL_Driver/Src/stm32f4xx_hal_pcd.o
                0x08002a60                HAL_PCD_IRQHandler
 .text.HAL_PCD_SetAddress
                0x080033a2       0x48 ./Drivers/STM32F4xx_HAL_Driver/Src/stm32f4xx_hal_pcd.o
                0x080033a2                HAL_PCD_SetAddress
 .text.HAL_PCD_EP_Open
                0x080033ea       0xd4 ./Drivers/STM32F4xx_HAL_Driver/Src/stm32f4xx_hal_pcd.o
                0x080033ea                HAL_PCD_EP_Open
 .text.HAL_PCD_EP_Close
                0x080034be       0x94 ./Drivers/STM32F4xx_HAL_Driver/Src/stm32f4xx_hal_pcd.o
                0x080034be                HAL_PCD_EP_Close
 .text.HAL_PCD_EP_Receive
                0x08003552       0x76 ./Drivers/STM32F4xx_HAL_Driver/Src/stm32f4xx_hal_pcd.o
                0x08003552                HAL_PCD_EP_Receive
 .text.HAL_PCD_EP_GetRxCount
                0x080035c8       0x30 ./Drivers/STM32F4xx_HAL_Driver/Src/stm32f4xx_hal_pcd.o
                0x080035c8                HAL_PCD_EP_GetRxCount
 .text.HAL_PCD_EP_Transmit
                0x080035f8       0x74 ./Drivers/STM32F4xx_HAL_Driver/Src/stm32f4xx_hal_pcd.o
                0x080035f8                HAL_PCD_EP_Transmit
 .text.HAL_PCD_EP_SetStall
                0x0800366c       0xc6 ./Drivers/STM32F4xx_HAL_Driver/Src/stm32f4xx_hal_pcd.o
                0x0800366c                HAL_PCD_EP_SetStall
 .text.HAL_PCD_EP_ClrStall
                0x08003732       0xac ./Drivers/STM32F4xx_HAL_Driver/Src/stm32f4xx_hal_pcd.o
                0x08003732                HAL_PCD_EP_ClrStall
 .text.HAL_PCD_EP_Abort
                0x080037de       0x62 ./Drivers/STM32F4xx_HAL_Driver/Src/stm32f4xx_hal_pcd.o
                0x080037de                HAL_PCD_EP_Abort
 .text.PCD_WriteEmptyTxFifo
                0x08003840      0x118 ./Drivers/STM32F4xx_HAL_Driver/Src/stm32f4xx_hal_pcd.o
 .text.PCD_EP_OutXfrComplete_int
                0x08003958      0x1d0 ./Drivers/STM32F4xx_HAL_Driver/Src/stm32f4xx_hal_pcd.o
 .text.PCD_EP_OutSetupPacket_int
                0x08003b28       0x8c ./Drivers/STM32F4xx_HAL_Driver/Src/stm32f4xx_hal_pcd.o
 .text.HAL_PCDEx_SetTxFiFo
                0x08003bb4       0x8e ./Drivers/STM32F4xx_HAL_Driver/Src/stm32f4xx_hal_pcd_ex.o
                0x08003bb4                HAL_PCDEx_SetTxFiFo
 .text.HAL_PCDEx_SetRxFiFo
                0x08003c42       0x22 ./Drivers/STM32F4xx_HAL_Driver/Src/stm32f4xx_hal_pcd_ex.o
                0x08003c42                HAL_PCDEx_SetRxFiFo
 .text.HAL_PCDEx_LPM_Callback
                0x08003c64       0x18 ./Drivers/STM32F4xx_HAL_Driver/Src/stm32f4xx_hal_pcd_ex.o
                0x08003c64                HAL_PCDEx_LPM_Callback
 .text.HAL_RCC_OscConfig
                0x08003c7c      0x4f0 ./Drivers/STM32F4xx_HAL_Driver/Src/stm32f4xx_hal_rcc.o
                0x08003c7c                HAL_RCC_OscConfig
 .text.HAL_RCC_ClockConfig
                0x0800416c      0x1cc ./Drivers/STM32F4xx_HAL_Driver/Src/stm32f4xx_hal_rcc.o
                0x0800416c                HAL_RCC_ClockConfig
 .text.HAL_RCC_GetSysClockFreq
                0x08004338      0x20c ./Drivers/STM32F4xx_HAL_Driver/Src/stm32f4xx_hal_rcc.o
                0x08004338                HAL_RCC_GetSysClockFreq
 .text.HAL_RCC_GetHCLKFreq
                0x08004544       0x18 ./Drivers/STM32F4xx_HAL_Driver/Src/stm32f4xx_hal_rcc.o
                0x08004544                HAL_RCC_GetHCLKFreq
 .text.HAL_RCC_GetPCLK1Freq
                0x0800455c       0x28 ./Drivers/STM32F4xx_HAL_Driver/Src/stm32f4xx_hal_rcc.o
                0x0800455c                HAL_RCC_GetPCLK1Freq
 .text.HAL_RCC_GetPCLK2Freq
                0x08004584       0x28 ./Drivers/STM32F4xx_HAL_Driver/Src/stm32f4xx_hal_rcc.o
                0x08004584                HAL_RCC_GetPCLK2Freq
 .text.HAL_RCCEx_PeriphCLKConfig
                0x080045ac      0x1c4 ./Drivers/STM32F4xx_HAL_Driver/Src/stm32f4xx_hal_rcc_ex.o
                0x080045ac                HAL_RCCEx_PeriphCLKConfig
 .text.HAL_RCCEx_GetPeriphCLKFreq
                0x08004770       0xc0 ./Drivers/STM32F4xx_HAL_Driver/Src/stm32f4xx_hal_rcc_ex.o
                0x08004770                HAL_RCCEx_GetPeriphCLKFreq
 .text.HAL_UART_Init
                0x08004830       0xa0 ./Drivers/STM32F4xx_HAL_Driver/Src/stm32f4xx_hal_uart.o
                0x08004830                HAL_UART_Init
 .text.UART_SetConfig
                0x080048d0      0x4e8 ./Drivers/STM32F4xx_HAL_Driver/Src/stm32f4xx_hal_uart.o
 .text.USB_CoreInit
                0x08004db8       0xc8 ./Drivers/STM32F4xx_HAL_Driver/Src/stm32f4xx_ll_usb.o
                0x08004db8                USB_CoreInit
 .text.USB_SetTurnaroundTime
                0x08004e80      0x144 ./Drivers/STM32F4xx_HAL_Driver/Src/stm32f4xx_ll_usb.o
                0x08004e80                USB_SetTurnaroundTime
 .text.USB_EnableGlobalInt
                0x08004fc4       0x22 ./Drivers/STM32F4xx_HAL_Driver/Src/stm32f4xx_ll_usb.o
                0x08004fc4                USB_EnableGlobalInt
 .text.USB_DisableGlobalInt
                0x08004fe6       0x22 ./Drivers/STM32F4xx_HAL_Driver/Src/stm32f4xx_ll_usb.o
                0x08004fe6                USB_DisableGlobalInt
 .text.USB_SetCurrentMode
                0x08005008       0x98 ./Drivers/STM32F4xx_HAL_Driver/Src/stm32f4xx_ll_usb.o
                0x08005008                USB_SetCurrentMode
 .text.USB_DevInit
                0x080050a0      0x2c8 ./Drivers/STM32F4xx_HAL_Driver/Src/stm32f4xx_ll_usb.o
                0x080050a0                USB_DevInit
 .text.USB_FlushTxFifo
                0x08005368       0x64 ./Drivers/STM32F4xx_HAL_Driver/Src/stm32f4xx_ll_usb.o
                0x08005368                USB_FlushTxFifo
 .text.USB_FlushRxFifo
                0x080053cc       0x5c ./Drivers/STM32F4xx_HAL_Driver/Src/stm32f4xx_ll_usb.o
                0x080053cc                USB_FlushRxFifo
 .text.USB_SetDevSpeed
                0x08005428       0x32 ./Drivers/STM32F4xx_HAL_Driver/Src/stm32f4xx_ll_usb.o
                0x08005428                USB_SetDevSpeed
 .text.USB_GetDevSpeed
                0x0800545a       0x4a ./Drivers/STM32F4xx_HAL_Driver/Src/stm32f4xx_ll_usb.o
                0x0800545a                USB_GetDevSpeed
 .text.USB_ActivateEndpoint
                0x080054a4      0x10e ./Drivers/STM32F4xx_HAL_Driver/Src/stm32f4xx_ll_usb.o
                0x080054a4                USB_ActivateEndpoint
 *fill*         0x080055b2        0x2 
 .text.USB_DeactivateEndpoint
                0x080055b4      0x1b8 ./Drivers/STM32F4xx_HAL_Driver/Src/stm32f4xx_ll_usb.o
                0x080055b4                USB_DeactivateEndpoint
 .text.USB_EPStartXfer
                0x0800576c      0x53c ./Drivers/STM32F4xx_HAL_Driver/Src/stm32f4xx_ll_usb.o
                0x0800576c                USB_EPStartXfer
 .text.USB_EPStopXfer
                0x08005ca8      0x154 ./Drivers/STM32F4xx_HAL_Driver/Src/stm32f4xx_ll_usb.o
                0x08005ca8                USB_EPStopXfer
 .text.USB_WritePacket
                0x08005dfc       0x7c ./Drivers/STM32F4xx_HAL_Driver/Src/stm32f4xx_ll_usb.o
                0x08005dfc                USB_WritePacket
 .text.USB_ReadPacket
                0x08005e78       0xb0 ./Drivers/STM32F4xx_HAL_Driver/Src/stm32f4xx_ll_usb.o
                0x08005e78                USB_ReadPacket
 .text.USB_EPSetStall
                0x08005f28       0xdc ./Drivers/STM32F4xx_HAL_Driver/Src/stm32f4xx_ll_usb.o
                0x08005f28                USB_EPSetStall
 .text.USB_EPClearStall
                0x08006004       0xcc ./Drivers/STM32F4xx_HAL_Driver/Src/stm32f4xx_ll_usb.o
                0x08006004                USB_EPClearStall
 .text.USB_SetDevAddress
                0x080060d0       0x4c ./Drivers/STM32F4xx_HAL_Driver/Src/stm32f4xx_ll_usb.o
                0x080060d0                USB_SetDevAddress
 .text.USB_DevConnect
                0x0800611c       0x42 ./Drivers/STM32F4xx_HAL_Driver/Src/stm32f4xx_ll_usb.o
                0x0800611c                USB_DevConnect
 .text.USB_DevDisconnect
                0x0800615e       0x42 ./Drivers/STM32F4xx_HAL_Driver/Src/stm32f4xx_ll_usb.o
                0x0800615e                USB_DevDisconnect
 .text.USB_ReadInterrupts
                0x080061a0       0x26 ./Drivers/STM32F4xx_HAL_Driver/Src/stm32f4xx_ll_usb.o
                0x080061a0                USB_ReadInterrupts
 .text.USB_ReadDevAllOutEpInterrupt
                0x080061c6       0x34 ./Drivers/STM32F4xx_HAL_Driver/Src/stm32f4xx_ll_usb.o
                0x080061c6                USB_ReadDevAllOutEpInterrupt
 .text.USB_ReadDevAllInEpInterrupt
                0x080061fa       0x34 ./Drivers/STM32F4xx_HAL_Driver/Src/stm32f4xx_ll_usb.o
                0x080061fa                USB_ReadDevAllInEpInterrupt
 .text.USB_ReadDevOutEPInterrupt
                0x0800622e       0x3c ./Drivers/STM32F4xx_HAL_Driver/Src/stm32f4xx_ll_usb.o
                0x0800622e                USB_ReadDevOutEPInterrupt
 .text.USB_ReadDevInEPInterrupt
                0x0800626a       0x5c ./Drivers/STM32F4xx_HAL_Driver/Src/stm32f4xx_ll_usb.o
                0x0800626a                USB_ReadDevInEPInterrupt
 .text.USB_GetMode
                0x080062c6       0x1c ./Drivers/STM32F4xx_HAL_Driver/Src/stm32f4xx_ll_usb.o
                0x080062c6                USB_GetMode
 .text.USB_ActivateSetup
                0x080062e2       0x46 ./Drivers/STM32F4xx_HAL_Driver/Src/stm32f4xx_ll_usb.o
                0x080062e2                USB_ActivateSetup
 .text.USB_EP0_OutStart
                0x08006328       0xbc ./Drivers/STM32F4xx_HAL_Driver/Src/stm32f4xx_ll_usb.o
                0x08006328                USB_EP0_OutStart
 .text.USB_CoreReset
                0x080063e4       0x62 ./Drivers/STM32F4xx_HAL_Driver/Src/stm32f4xx_ll_usb.o
 *fill*         0x08006446        0x2 
 .text.USBD_CDC_Init
                0x08006448      0x1f0 ./Middlewares/ST/STM32_USB_Device_Library/Class/CDC/Src/usbd_cdc.o
 .text.USBD_CDC_DeInit
                0x08006638      0x104 ./Middlewares/ST/STM32_USB_Device_Library/Class/CDC/Src/usbd_cdc.o
 .text.USBD_CDC_Setup
                0x0800673c      0x1b8 ./Middlewares/ST/STM32_USB_Device_Library/Class/CDC/Src/usbd_cdc.o
 .text.USBD_CDC_DataIn
                0x080068f4       0xfe ./Middlewares/ST/STM32_USB_Device_Library/Class/CDC/Src/usbd_cdc.o
 .text.USBD_CDC_DataOut
                0x080069f2       0x70 ./Middlewares/ST/STM32_USB_Device_Library/Class/CDC/Src/usbd_cdc.o
 .text.USBD_CDC_EP0_RxReady
                0x08006a62       0x74 ./Middlewares/ST/STM32_USB_Device_Library/Class/CDC/Src/usbd_cdc.o
 *fill*         0x08006ad6        0x2 
 .text.USBD_CDC_GetFSCfgDesc
                0x08006ad8       0x70 ./Middlewares/ST/STM32_USB_Device_Library/Class/CDC/Src/usbd_cdc.o
 .text.USBD_CDC_GetHSCfgDesc
                0x08006b48       0x70 ./Middlewares/ST/STM32_USB_Device_Library/Class/CDC/Src/usbd_cdc.o
 .text.USBD_CDC_GetOtherSpeedCfgDesc
                0x08006bb8       0x70 ./Middlewares/ST/STM32_USB_Device_Library/Class/CDC/Src/usbd_cdc.o
 .text.USBD_CDC_GetDeviceQualifierDescriptor
                0x08006c28       0x20 ./Middlewares/ST/STM32_USB_Device_Library/Class/CDC/Src/usbd_cdc.o
                0x08006c28                USBD_CDC_GetDeviceQualifierDescriptor
 .text.USBD_CDC_RegisterInterface
                0x08006c48       0x34 ./Middlewares/ST/STM32_USB_Device_Library/Class/CDC/Src/usbd_cdc.o
                0x08006c48                USBD_CDC_RegisterInterface
 .text.USBD_CDC_SetTxBuffer
                0x08006c7c       0x44 ./Middlewares/ST/STM32_USB_Device_Library/Class/CDC/Src/usbd_cdc.o
                0x08006c7c                USBD_CDC_SetTxBuffer
 .text.USBD_CDC_SetRxBuffer
                0x08006cc0       0x3a ./Middlewares/ST/STM32_USB_Device_Library/Class/CDC/Src/usbd_cdc.o
                0x08006cc0                USBD_CDC_SetRxBuffer
 *fill*         0x08006cfa        0x2 
 .text.USBD_CDC_ReceivePacket
                0x08006cfc       0x6c ./Middlewares/ST/STM32_USB_Device_Library/Class/CDC/Src/usbd_cdc.o
                0x08006cfc                USBD_CDC_ReceivePacket
 .text.USBD_Init
                0x08006d68       0x60 ./Middlewares/ST/STM32_USB_Device_Library/Core/Src/usbd_core.o
                0x08006d68                USBD_Init
 .text.USBD_RegisterClass
                0x08006dc8       0x6c ./Middlewares/ST/STM32_USB_Device_Library/Core/Src/usbd_core.o
                0x08006dc8                USBD_RegisterClass
 .text.USBD_Start
                0x08006e34       0x18 ./Middlewares/ST/STM32_USB_Device_Library/Core/Src/usbd_core.o
                0x08006e34                USBD_Start
 .text.USBD_RunTestMode
                0x08006e4c       0x16 ./Middlewares/ST/STM32_USB_Device_Library/Core/Src/usbd_core.o
                0x08006e4c                USBD_RunTestMode
 .text.USBD_SetClassConfig
                0x08006e62       0x38 ./Middlewares/ST/STM32_USB_Device_Library/Core/Src/usbd_core.o
                0x08006e62                USBD_SetClassConfig
 .text.USBD_ClrClassConfig
                0x08006e9a       0x34 ./Middlewares/ST/STM32_USB_Device_Library/Core/Src/usbd_core.o
                0x08006e9a                USBD_ClrClassConfig
 .text.USBD_LL_SetupStage
                0x08006ece       0xaa ./Middlewares/ST/STM32_USB_Device_Library/Core/Src/usbd_core.o
                0x08006ece                USBD_LL_SetupStage
 .text.USBD_LL_DataOutStage
                0x08006f78      0x166 ./Middlewares/ST/STM32_USB_Device_Library/Core/Src/usbd_core.o
                0x08006f78                USBD_LL_DataOutStage
 .text.USBD_LL_DataInStage
                0x080070de      0x164 ./Middlewares/ST/STM32_USB_Device_Library/Core/Src/usbd_core.o
                0x080070de                USBD_LL_DataInStage
 .text.USBD_LL_Reset
                0x08007242       0xa4 ./Middlewares/ST/STM32_USB_Device_Library/Core/Src/usbd_core.o
                0x08007242                USBD_LL_Reset
 .text.USBD_LL_SetSpeed
                0x080072e6       0x20 ./Middlewares/ST/STM32_USB_Device_Library/Core/Src/usbd_core.o
                0x080072e6                USBD_LL_SetSpeed
 .text.USBD_LL_Suspend
                0x08007306       0x38 ./Middlewares/ST/STM32_USB_Device_Library/Core/Src/usbd_core.o
                0x08007306                USBD_LL_Suspend
 .text.USBD_LL_Resume
                0x0800733e       0x30 ./Middlewares/ST/STM32_USB_Device_Library/Core/Src/usbd_core.o
                0x0800733e                USBD_LL_Resume
 .text.USBD_LL_SOF
                0x0800736e       0x40 ./Middlewares/ST/STM32_USB_Device_Library/Core/Src/usbd_core.o
                0x0800736e                USBD_LL_SOF
 .text.USBD_LL_IsoINIncomplete
                0x080073ae       0x64 ./Middlewares/ST/STM32_USB_Device_Library/Core/Src/usbd_core.o
                0x080073ae                USBD_LL_IsoINIncomplete
 .text.USBD_LL_IsoOUTIncomplete
                0x08007412       0x64 ./Middlewares/ST/STM32_USB_Device_Library/Core/Src/usbd_core.o
                0x08007412                USBD_LL_IsoOUTIncomplete
 .text.USBD_LL_DevConnected
                0x08007476       0x16 ./Middlewares/ST/STM32_USB_Device_Library/Core/Src/usbd_core.o
                0x08007476                USBD_LL_DevConnected
 .text.USBD_LL_DevDisconnected
                0x0800748c       0x46 ./Middlewares/ST/STM32_USB_Device_Library/Core/Src/usbd_core.o
                0x0800748c                USBD_LL_DevDisconnected
 .text.USBD_CoreFindIF
                0x080074d2       0x1a ./Middlewares/ST/STM32_USB_Device_Library/Core/Src/usbd_core.o
                0x080074d2                USBD_CoreFindIF
 .text.USBD_CoreFindEP
                0x080074ec       0x1a ./Middlewares/ST/STM32_USB_Device_Library/Core/Src/usbd_core.o
                0x080074ec                USBD_CoreFindEP
 .text.USBD_GetEpDesc
                0x08007506       0x70 ./Middlewares/ST/STM32_USB_Device_Library/Core/Src/usbd_core.o
                0x08007506                USBD_GetEpDesc
 .text.USBD_GetNextDesc
                0x08007576       0x38 ./Middlewares/ST/STM32_USB_Device_Library/Core/Src/usbd_core.o
                0x08007576                USBD_GetNextDesc
 .text.SWAPBYTE
                0x080075ae       0x3c ./Middlewares/ST/STM32_USB_Device_Library/Core/Src/usbd_ctlreq.o
 *fill*         0x080075ea        0x2 
 .text.USBD_StdDevReq
                0x080075ec       0xe4 ./Middlewares/ST/STM32_USB_Device_Library/Core/Src/usbd_ctlreq.o
                0x080075ec                USBD_StdDevReq
 .text.USBD_StdItfReq
                0x080076d0       0xd8 ./Middlewares/ST/STM32_USB_Device_Library/Core/Src/usbd_ctlreq.o
                0x080076d0                USBD_StdItfReq
 .text.USBD_StdEPReq
                0x080077a8      0x33a ./Middlewares/ST/STM32_USB_Device_Library/Core/Src/usbd_ctlreq.o
                0x080077a8                USBD_StdEPReq
 *fill*         0x08007ae2        0x2 
 .text.USBD_GetDescriptor
                0x08007ae4      0x2d4 ./Middlewares/ST/STM32_USB_Device_Library/Core/Src/usbd_ctlreq.o
 .text.USBD_SetAddress
                0x08007db8       0x88 ./Middlewares/ST/STM32_USB_Device_Library/Core/Src/usbd_ctlreq.o
 .text.USBD_SetConfig
                0x08007e40      0x154 ./Middlewares/ST/STM32_USB_Device_Library/Core/Src/usbd_ctlreq.o
 .text.USBD_GetConfig
                0x08007f94       0x6c ./Middlewares/ST/STM32_USB_Device_Library/Core/Src/usbd_ctlreq.o
 .text.USBD_GetStatus
                0x08008000       0x68 ./Middlewares/ST/STM32_USB_Device_Library/Core/Src/usbd_ctlreq.o
 .text.USBD_SetFeature
                0x08008068       0x52 ./Middlewares/ST/STM32_USB_Device_Library/Core/Src/usbd_ctlreq.o
 .text.USBD_ClrFeature
                0x080080ba       0x44 ./Middlewares/ST/STM32_USB_Device_Library/Core/Src/usbd_ctlreq.o
 .text.USBD_ParseSetupRequest
                0x080080fe       0x74 ./Middlewares/ST/STM32_USB_Device_Library/Core/Src/usbd_ctlreq.o
                0x080080fe                USBD_ParseSetupRequest
 .text.USBD_CtlError
                0x08008172       0x22 ./Middlewares/ST/STM32_USB_Device_Library/Core/Src/usbd_ctlreq.o
                0x08008172                USBD_CtlError
 .text.USBD_GetString
                0x08008194       0xa4 ./Middlewares/ST/STM32_USB_Device_Library/Core/Src/usbd_ctlreq.o
                0x08008194                USBD_GetString
 .text.USBD_GetLen
                0x08008238       0x34 ./Middlewares/ST/STM32_USB_Device_Library/Core/Src/usbd_ctlreq.o
 .text.USBD_CtlSendData
                0x0800826c       0x36 ./Middlewares/ST/STM32_USB_Device_Library/Core/Src/usbd_ioreq.o
                0x0800826c                USBD_CtlSendData
 .text.USBD_CtlContinueSendData
                0x080082a2       0x22 ./Middlewares/ST/STM32_USB_Device_Library/Core/Src/usbd_ioreq.o
                0x080082a2                USBD_CtlContinueSendData
 .text.USBD_CtlPrepareRx
                0x080082c4       0x3a ./Middlewares/ST/STM32_USB_Device_Library/Core/Src/usbd_ioreq.o
                0x080082c4                USBD_CtlPrepareRx
 .text.USBD_CtlContinueRx
                0x080082fe       0x22 ./Middlewares/ST/STM32_USB_Device_Library/Core/Src/usbd_ioreq.o
                0x080082fe                USBD_CtlContinueRx
 .text.USBD_CtlSendStatus
                0x08008320       0x26 ./Middlewares/ST/STM32_USB_Device_Library/Core/Src/usbd_ioreq.o
                0x08008320                USBD_CtlSendStatus
 .text.USBD_CtlReceiveStatus
                0x08008346       0x26 ./Middlewares/ST/STM32_USB_Device_Library/Core/Src/usbd_ioreq.o
                0x08008346                USBD_CtlReceiveStatus
 .text.MX_USB_DEVICE_Init
                0x0800836c       0x60 ./USB_DEVICE/App/usb_device.o
                0x0800836c                MX_USB_DEVICE_Init
 .text.CDC_Init_FS
                0x080083cc       0x28 ./USB_DEVICE/App/usbd_cdc_if.o
 .text.CDC_DeInit_FS
                0x080083f4       0x10 ./USB_DEVICE/App/usbd_cdc_if.o
 .text.CDC_Control_FS
                0x08008404       0xbc ./USB_DEVICE/App/usbd_cdc_if.o
 .text.CDC_Receive_FS
                0x080084c0       0x28 ./USB_DEVICE/App/usbd_cdc_if.o
 .text.CDC_TransmitCplt_FS
                0x080084e8       0x22 ./USB_DEVICE/App/usbd_cdc_if.o
 *fill*         0x0800850a        0x2 
 .text.USBD_FS_DeviceDescriptor
                0x0800850c       0x24 ./USB_DEVICE/App/usbd_desc.o
                0x0800850c                USBD_FS_DeviceDescriptor
 .text.USBD_FS_LangIDStrDescriptor
                0x08008530       0x24 ./USB_DEVICE/App/usbd_desc.o
                0x08008530                USBD_FS_LangIDStrDescriptor
 .text.USBD_FS_ProductStrDescriptor
                0x08008554       0x3c ./USB_DEVICE/App/usbd_desc.o
                0x08008554                USBD_FS_ProductStrDescriptor
 .text.USBD_FS_ManufacturerStrDescriptor
                0x08008590       0x28 ./USB_DEVICE/App/usbd_desc.o
                0x08008590                USBD_FS_ManufacturerStrDescriptor
 .text.USBD_FS_SerialStrDescriptor
                0x080085b8       0x24 ./USB_DEVICE/App/usbd_desc.o
                0x080085b8                USBD_FS_SerialStrDescriptor
 .text.USBD_FS_ConfigStrDescriptor
                0x080085dc       0x3c ./USB_DEVICE/App/usbd_desc.o
                0x080085dc                USBD_FS_ConfigStrDescriptor
 .text.USBD_FS_InterfaceStrDescriptor
                0x08008618       0x3c ./USB_DEVICE/App/usbd_desc.o
                0x08008618                USBD_FS_InterfaceStrDescriptor
 .text.Get_SerialNum
                0x08008654       0x58 ./USB_DEVICE/App/usbd_desc.o
 .text.IntToUnicode
                0x080086ac       0x7e ./USB_DEVICE/App/usbd_desc.o
 *fill*         0x0800872a        0x2 
 .text.HAL_PCD_MspInit
                0x0800872c       0xc4 ./USB_DEVICE/Target/usbd_conf.o
                0x0800872c                HAL_PCD_MspInit
 .text.HAL_PCD_SetupStageCallback
                0x080087f0       0x24 ./USB_DEVICE/Target/usbd_conf.o
                0x080087f0                HAL_PCD_SetupStageCallback
 .text.HAL_PCD_DataOutStageCallback
                0x08008814       0x36 ./USB_DEVICE/Target/usbd_conf.o
                0x08008814                HAL_PCD_DataOutStageCallback
 .text.HAL_PCD_DataInStageCallback
                0x0800884a       0x34 ./USB_DEVICE/Target/usbd_conf.o
                0x0800884a                HAL_PCD_DataInStageCallback
 .text.HAL_PCD_SOFCallback
                0x0800887e       0x1c ./USB_DEVICE/Target/usbd_conf.o
                0x0800887e                HAL_PCD_SOFCallback
 .text.HAL_PCD_ResetCallback
                0x0800889a       0x50 ./USB_DEVICE/Target/usbd_conf.o
                0x0800889a                HAL_PCD_ResetCallback
 *fill*         0x080088ea        0x2 
 .text.HAL_PCD_SuspendCallback
                0x080088ec       0x4c ./USB_DEVICE/Target/usbd_conf.o
                0x080088ec                HAL_PCD_SuspendCallback
 .text.HAL_PCD_ResumeCallback
                0x08008938       0x1c ./USB_DEVICE/Target/usbd_conf.o
                0x08008938                HAL_PCD_ResumeCallback
 .text.HAL_PCD_ISOOUTIncompleteCallback
                0x08008954       0x24 ./USB_DEVICE/Target/usbd_conf.o
                0x08008954                HAL_PCD_ISOOUTIncompleteCallback
 .text.HAL_PCD_ISOINIncompleteCallback
                0x08008978       0x24 ./USB_DEVICE/Target/usbd_conf.o
                0x08008978                HAL_PCD_ISOINIncompleteCallback
 .text.HAL_PCD_ConnectCallback
                0x0800899c       0x1c ./USB_DEVICE/Target/usbd_conf.o
                0x0800899c                HAL_PCD_ConnectCallback
 .text.HAL_PCD_DisconnectCallback
                0x080089b8       0x1c ./USB_DEVICE/Target/usbd_conf.o
                0x080089b8                HAL_PCD_DisconnectCallback
 .text.USBD_LL_Init
                0x080089d4       0x98 ./USB_DEVICE/Target/usbd_conf.o
                0x080089d4                USBD_LL_Init
 .text.USBD_LL_Start
                0x08008a6c       0x36 ./USB_DEVICE/Target/usbd_conf.o
                0x08008a6c                USBD_LL_Start
 .text.USBD_LL_OpenEP
                0x08008aa2       0x4c ./USB_DEVICE/Target/usbd_conf.o
                0x08008aa2                USBD_LL_OpenEP
 .text.USBD_LL_CloseEP
                0x08008aee       0x3e ./USB_DEVICE/Target/usbd_conf.o
                0x08008aee                USBD_LL_CloseEP
 .text.USBD_LL_StallEP
                0x08008b2c       0x3e ./USB_DEVICE/Target/usbd_conf.o
                0x08008b2c                USBD_LL_StallEP
 .text.USBD_LL_ClearStallEP
                0x08008b6a       0x3e ./USB_DEVICE/Target/usbd_conf.o
                0x08008b6a                USBD_LL_ClearStallEP
 .text.USBD_LL_IsStallEP
                0x08008ba8       0x58 ./USB_DEVICE/Target/usbd_conf.o
                0x08008ba8                USBD_LL_IsStallEP
 .text.USBD_LL_SetUSBAddress
                0x08008c00       0x3e ./USB_DEVICE/Target/usbd_conf.o
                0x08008c00                USBD_LL_SetUSBAddress
 .text.USBD_LL_Transmit
                0x08008c3e       0x42 ./USB_DEVICE/Target/usbd_conf.o
                0x08008c3e                USBD_LL_Transmit
 .text.USBD_LL_PrepareReceive
                0x08008c80       0x42 ./USB_DEVICE/Target/usbd_conf.o
                0x08008c80                USBD_LL_PrepareReceive
 .text.USBD_LL_GetRxDataSize
                0x08008cc2       0x26 ./USB_DEVICE/Target/usbd_conf.o
                0x08008cc2                USBD_LL_GetRxDataSize
 .text.USBD_static_malloc
                0x08008ce8       0x1c ./USB_DEVICE/Target/usbd_conf.o
                0x08008ce8                USBD_static_malloc
 .text.USBD_static_free
                0x08008d04       0x14 ./USB_DEVICE/Target/usbd_conf.o
                0x08008d04                USBD_static_free
 .text.USBD_Get_USB_Status
                0x08008d18       0x58 ./USB_DEVICE/Target/usbd_conf.o
                0x08008d18                USBD_Get_USB_Status
 .text.memset   0x08008d70       0x10 C:/ST/STM32CubeIDE_1.16.1/STM32CubeIDE/plugins/com.st.stm32cube.ide.mcu.externaltools.gnu-tools-for-stm32.12.3.rel1.win32_1.0.200.202406191623/tools/bin/../lib/gcc/arm-none-eabi/12.3.1/../../../../arm-none-eabi/lib/thumb/v7e-m+fp/hard\libc_nano.a(libc_a-memset.o)
                0x08008d70                memset
 .text.__libc_init_array
                0x08008d80       0x48 C:/ST/STM32CubeIDE_1.16.1/STM32CubeIDE/plugins/com.st.stm32cube.ide.mcu.externaltools.gnu-tools-for-stm32.12.3.rel1.win32_1.0.200.202406191623/tools/bin/../lib/gcc/arm-none-eabi/12.3.1/../../../../arm-none-eabi/lib/thumb/v7e-m+fp/hard\libc_nano.a(libc_a-init.o)
                0x08008d80                __libc_init_array
 *(.glue_7)
 .glue_7        0x08008dc8        0x0 linker stubs
 *(.glue_7t)
 .glue_7t       0x08008dc8        0x0 linker stubs
 *(.eh_frame)
 .eh_frame      0x08008dc8        0x0 C:/ST/STM32CubeIDE_1.16.1/STM32CubeIDE/plugins/com.st.stm32cube.ide.mcu.externaltools.gnu-tools-for-stm32.12.3.rel1.win32_1.0.200.202406191623/tools/bin/../lib/gcc/arm-none-eabi/12.3.1/thumb/v7e-m+fp/hard/crtbegin.o
 *(.init)
 .init          0x08008dc8        0x4 C:/ST/STM32CubeIDE_1.16.1/STM32CubeIDE/plugins/com.st.stm32cube.ide.mcu.externaltools.gnu-tools-for-stm32.12.3.rel1.win32_1.0.200.202406191623/tools/bin/../lib/gcc/arm-none-eabi/12.3.1/thumb/v7e-m+fp/hard/crti.o
                0x08008dc8                _init
 .init          0x08008dcc        0x8 C:/ST/STM32CubeIDE_1.16.1/STM32CubeIDE/plugins/com.st.stm32cube.ide.mcu.externaltools.gnu-tools-for-stm32.12.3.rel1.win32_1.0.200.202406191623/tools/bin/../lib/gcc/arm-none-eabi/12.3.1/thumb/v7e-m+fp/hard/crtn.o
 *(.fini)
 .fini          0x08008dd4        0x4 C:/ST/STM32CubeIDE_1.16.1/STM32CubeIDE/plugins/com.st.stm32cube.ide.mcu.externaltools.gnu-tools-for-stm32.12.3.rel1.win32_1.0.200.202406191623/tools/bin/../lib/gcc/arm-none-eabi/12.3.1/thumb/v7e-m+fp/hard/crti.o
                0x08008dd4                _fini
 .fini          0x08008dd8        0x8 C:/ST/STM32CubeIDE_1.16.1/STM32CubeIDE/plugins/com.st.stm32cube.ide.mcu.externaltools.gnu-tools-for-stm32.12.3.rel1.win32_1.0.200.202406191623/tools/bin/../lib/gcc/arm-none-eabi/12.3.1/thumb/v7e-m+fp/hard/crtn.o
                0x08008de0                        . = ALIGN (0x4)
                0x08008de0                        _etext = .

.vfp11_veneer   0x08008de0        0x0
 .vfp11_veneer  0x08008de0        0x0 linker stubs

.v4_bx          0x08008de0        0x0
 .v4_bx         0x08008de0        0x0 linker stubs

.iplt           0x08008de0        0x0
 .iplt          0x08008de0        0x0 C:/ST/STM32CubeIDE_1.16.1/STM32CubeIDE/plugins/com.st.stm32cube.ide.mcu.externaltools.gnu-tools-for-stm32.12.3.rel1.win32_1.0.200.202406191623/tools/bin/../lib/gcc/arm-none-eabi/12.3.1/thumb/v7e-m+fp/hard/crtbegin.o

.rodata         0x08008de0       0x60
                0x08008de0                        . = ALIGN (0x4)
 *(.rodata)
 .rodata        0x08008de0       0x46 ./USB_DEVICE/App/usbd_desc.o
 *(.rodata*)
 *fill*         0x08008e26        0x2 
 .rodata.AHBPrescTable
                0x08008e28       0x10 ./Core/Src/system_stm32f4xx.o
                0x08008e28                AHBPrescTable
 .rodata.APBPrescTable
                0x08008e38        0x8 ./Core/Src/system_stm32f4xx.o
                0x08008e38                APBPrescTable
                0x08008e40                        . = ALIGN (0x4)

.ARM.extab      0x08008e40        0x0
                0x08008e40                        . = ALIGN (0x4)
 *(.ARM.extab* .gnu.linkonce.armextab.*)
                0x08008e40                        . = ALIGN (0x4)

.ARM            0x08008e40        0x8
                0x08008e40                        . = ALIGN (0x4)
                0x08008e40                        __exidx_start = .
 *(.ARM.exidx*)
 .ARM.exidx     0x08008e40        0x8 C:/ST/STM32CubeIDE_1.16.1/STM32CubeIDE/plugins/com.st.stm32cube.ide.mcu.externaltools.gnu-tools-for-stm32.12.3.rel1.win32_1.0.200.202406191623/tools/bin/../lib/gcc/arm-none-eabi/12.3.1/thumb/v7e-m+fp/hard\libgcc.a(_udivmoddi4.o)
                0x08008e48                        __exidx_end = .
                0x08008e48                        . = ALIGN (0x4)

.preinit_array  0x08008e48        0x0
                0x08008e48                        . = ALIGN (0x4)
                0x08008e48                        PROVIDE (__preinit_array_start = .)
 *(.preinit_array*)
                0x08008e48                        PROVIDE (__preinit_array_end = .)
                0x08008e48                        . = ALIGN (0x4)

.init_array     0x08008e48        0x4
                0x08008e48                        . = ALIGN (0x4)
                0x08008e48                        PROVIDE (__init_array_start = .)
 *(SORT_BY_NAME(.init_array.*))
 *(.init_array*)
 .init_array    0x08008e48        0x4 C:/ST/STM32CubeIDE_1.16.1/STM32CubeIDE/plugins/com.st.stm32cube.ide.mcu.externaltools.gnu-tools-for-stm32.12.3.rel1.win32_1.0.200.202406191623/tools/bin/../lib/gcc/arm-none-eabi/12.3.1/thumb/v7e-m+fp/hard/crtbegin.o
                0x08008e4c                        PROVIDE (__init_array_end = .)
                0x08008e4c                        . = ALIGN (0x4)

.fini_array     0x08008e4c        0x4
                0x08008e4c                        . = ALIGN (0x4)
                [!provide]                        PROVIDE (__fini_array_start = .)
 *(SORT_BY_NAME(.fini_array.*))
 *(.fini_array*)
 .fini_array    0x08008e4c        0x4 C:/ST/STM32CubeIDE_1.16.1/STM32CubeIDE/plugins/com.st.stm32cube.ide.mcu.externaltools.gnu-tools-for-stm32.12.3.rel1.win32_1.0.200.202406191623/tools/bin/../lib/gcc/arm-none-eabi/12.3.1/thumb/v7e-m+fp/hard/crtbegin.o
                [!provide]                        PROVIDE (__fini_array_end = .)
                0x08008e50                        . = ALIGN (0x4)
                0x08008e50                        _sidata = LOADADDR (.data)

.rel.dyn        0x08008e50        0x0
 .rel.iplt      0x08008e50        0x0 C:/ST/STM32CubeIDE_1.16.1/STM32CubeIDE/plugins/com.st.stm32cube.ide.mcu.externaltools.gnu-tools-for-stm32.12.3.rel1.win32_1.0.200.202406191623/tools/bin/../lib/gcc/arm-none-eabi/12.3.1/thumb/v7e-m+fp/hard/crtbegin.o

.data           0x20000000       0xfc load address 0x08008e50
                0x20000000                        . = ALIGN (0x4)
                0x20000000                        _sdata = .
 *(.data)
 *(.data*)
 .data.SystemCoreClock
                0x20000000        0x4 ./Core/Src/system_stm32f4xx.o
                0x20000000                SystemCoreClock
 .data.uwTickPrio
                0x20000004        0x4 ./Drivers/STM32F4xx_HAL_Driver/Src/stm32f4xx_hal.o
                0x20000004                uwTickPrio
 .data.uwTickFreq
                0x20000008        0x1 ./Drivers/STM32F4xx_HAL_Driver/Src/stm32f4xx_hal.o
                0x20000008                uwTickFreq
 *fill*         0x20000009        0x3 
 .data.USBD_CDC_DeviceQualifierDesc
                0x2000000c        0xa ./Middlewares/ST/STM32_USB_Device_Library/Class/CDC/Src/usbd_cdc.o
 *fill*         0x20000016        0x2 
 .data.USBD_CDC
                0x20000018       0x38 ./Middlewares/ST/STM32_USB_Device_Library/Class/CDC/Src/usbd_cdc.o
                0x20000018                USBD_CDC
 .data.USBD_CDC_CfgDesc
                0x20000050       0x43 ./Middlewares/ST/STM32_USB_Device_Library/Class/CDC/Src/usbd_cdc.o
 .data.CDCInEpAdd
                0x20000093        0x1 ./Middlewares/ST/STM32_USB_Device_Library/Class/CDC/Src/usbd_cdc.o
 .data.CDCOutEpAdd
                0x20000094        0x1 ./Middlewares/ST/STM32_USB_Device_Library/Class/CDC/Src/usbd_cdc.o
 .data.CDCCmdEpAdd
                0x20000095        0x1 ./Middlewares/ST/STM32_USB_Device_Library/Class/CDC/Src/usbd_cdc.o
 *fill*         0x20000096        0x2 
 .data.USBD_Interface_fops_FS
                0x20000098       0x14 ./USB_DEVICE/App/usbd_cdc_if.o
                0x20000098                USBD_Interface_fops_FS
 .data.FS_Desc  0x200000ac       0x1c ./USB_DEVICE/App/usbd_desc.o
                0x200000ac                FS_Desc
 .data.USBD_FS_DeviceDesc
                0x200000c8       0x12 ./USB_DEVICE/App/usbd_desc.o
                0x200000c8                USBD_FS_DeviceDesc
 *fill*         0x200000da        0x2 
 .data.USBD_LangIDDesc
                0x200000dc        0x4 ./USB_DEVICE/App/usbd_desc.o
                0x200000dc                USBD_LangIDDesc
 .data.USBD_StringSerial
                0x200000e0       0x1a ./USB_DEVICE/App/usbd_desc.o
                0x200000e0                USBD_StringSerial
 *(.RamFunc)
 *(.RamFunc*)
                0x200000fc                        . = ALIGN (0x4)
 *fill*         0x200000fa        0x2 
                0x200000fc                        _edata = .
                0x08008f4c                        _siccmram = LOADADDR (.ccmram)

.igot.plt       0x200000fc        0x0 load address 0x08008f4c
 .igot.plt      0x200000fc        0x0 C:/ST/STM32CubeIDE_1.16.1/STM32CubeIDE/plugins/com.st.stm32cube.ide.mcu.externaltools.gnu-tools-for-stm32.12.3.rel1.win32_1.0.200.202406191623/tools/bin/../lib/gcc/arm-none-eabi/12.3.1/thumb/v7e-m+fp/hard/crtbegin.o

.ccmram         0x10000000        0x0 load address 0x08008f4c
                0x10000000                        . = ALIGN (0x4)
                0x10000000                        _sccmram = .
 *(.ccmram)
 *(.ccmram*)
                0x10000000                        . = ALIGN (0x4)
                0x10000000                        _eccmram = .
                0x10000000                        . = ALIGN (0x4)

.bss            0x200000fc     0x1d48
                0x200000fc                        _sbss = .
                0x200000fc                        __bss_start__ = _sbss
 *(.bss)
 .bss           0x200000fc       0x1c C:/ST/STM32CubeIDE_1.16.1/STM32CubeIDE/plugins/com.st.stm32cube.ide.mcu.externaltools.gnu-tools-for-stm32.12.3.rel1.win32_1.0.200.202406191623/tools/bin/../lib/gcc/arm-none-eabi/12.3.1/thumb/v7e-m+fp/hard/crtbegin.o
 *(.bss*)
 .bss.hadc1     0x20000118       0x48 ./Core/Src/adc.o
                0x20000118                hadc1
 .bss.hdac      0x20000160       0x14 ./Core/Src/dac.o
                0x20000160                hdac
 .bss.hi2c1     0x20000174       0x54 ./Core/Src/i2c.o
                0x20000174                hi2c1
 .bss.hi2s3     0x200001c8       0x48 ./Core/Src/i2s.o
                0x200001c8                hi2s3
 .bss.dac_value
                0x20000210        0x2 ./Core/Src/main.o
                0x20000210                dac_value
 *fill*         0x20000212        0x2 
 .bss.huart2    0x20000214       0x48 ./Core/Src/usart.o
                0x20000214                huart2
 .bss.uwTick    0x2000025c        0x4 ./Drivers/STM32F4xx_HAL_Driver/Src/stm32f4xx_hal.o
                0x2000025c                uwTick
 .bss.cfgidx.0  0x20000260        0x1 ./Middlewares/ST/STM32_USB_Device_Library/Core/Src/usbd_ctlreq.o
 *fill*         0x20000261        0x3 
 .bss.hUsbDeviceFS
                0x20000264      0x2dc ./USB_DEVICE/App/usb_device.o
                0x20000264                hUsbDeviceFS
 .bss.UserRxBufferFS
                0x20000540      0x800 ./USB_DEVICE/App/usbd_cdc_if.o
                0x20000540                UserRxBufferFS
 .bss.UserTxBufferFS
                0x20000d40      0x800 ./USB_DEVICE/App/usbd_cdc_if.o
                0x20000d40                UserTxBufferFS
 .bss.USBD_StrDesc
                0x20001540      0x200 ./USB_DEVICE/App/usbd_desc.o
                0x20001540                USBD_StrDesc
 .bss.hpcd_USB_OTG_FS
                0x20001740      0x4e4 ./USB_DEVICE/Target/usbd_conf.o
                0x20001740                hpcd_USB_OTG_FS
 .bss.mem.0     0x20001c24      0x220 ./USB_DEVICE/Target/usbd_conf.o
 *(COMMON)
                0x20001e44                        . = ALIGN (0x4)
                0x20001e44                        _ebss = .
                0x20001e44                        __bss_end__ = _ebss

._user_heap_stack
                0x20001e44      0x604
                0x20001e48                        . = ALIGN (0x8)
 *fill*         0x20001e44        0x4 
                [!provide]                        PROVIDE (end = .)
                0x20001e48                        PROVIDE (_end = .)
                0x20002048                        . = (. + _Min_Heap_Size)
 *fill*         0x20001e48      0x200 
                0x20002448                        . = (. + _Min_Stack_Size)
 *fill*         0x20002048      0x400 
                0x20002448                        . = ALIGN (0x8)

/DISCARD/
 libc.a(*)
 libm.a(*)
 libgcc.a(*)

.ARM.attributes
                0x00000000       0x30
 *(.ARM.attributes)
 .ARM.attributes
                0x00000000       0x22 C:/ST/STM32CubeIDE_1.16.1/STM32CubeIDE/plugins/com.st.stm32cube.ide.mcu.externaltools.gnu-tools-for-stm32.12.3.rel1.win32_1.0.200.202406191623/tools/bin/../lib/gcc/arm-none-eabi/12.3.1/thumb/v7e-m+fp/hard/crti.o
 .ARM.attributes
                0x00000022       0x34 C:/ST/STM32CubeIDE_1.16.1/STM32CubeIDE/plugins/com.st.stm32cube.ide.mcu.externaltools.gnu-tools-for-stm32.12.3.rel1.win32_1.0.200.202406191623/tools/bin/../lib/gcc/arm-none-eabi/12.3.1/thumb/v7e-m+fp/hard/crtbegin.o
 .ARM.attributes
                0x00000056       0x34 ./Core/Src/adc.o
 .ARM.attributes
                0x0000008a       0x34 ./Core/Src/dac.o
 .ARM.attributes
                0x000000be       0x34 ./Core/Src/gpio.o
 .ARM.attributes
                0x000000f2       0x34 ./Core/Src/i2c.o
 .ARM.attributes
                0x00000126       0x34 ./Core/Src/i2s.o
 .ARM.attributes
                0x0000015a       0x34 ./Core/Src/main.o
 .ARM.attributes
                0x0000018e       0x34 ./Core/Src/stm32f4xx_hal_msp.o
 .ARM.attributes
                0x000001c2       0x34 ./Core/Src/stm32f4xx_it.o
 .ARM.attributes
                0x000001f6       0x34 ./Core/Src/system_stm32f4xx.o
 .ARM.attributes
                0x0000022a       0x34 ./Core/Src/usart.o
 .ARM.attributes
                0x0000025e       0x21 ./Core/Startup/startup_stm32f407vgtx.o
 .ARM.attributes
                0x0000027f       0x34 ./Drivers/STM32F4xx_HAL_Driver/Src/stm32f4xx_hal.o
 .ARM.attributes
                0x000002b3       0x34 ./Drivers/STM32F4xx_HAL_Driver/Src/stm32f4xx_hal_adc.o
 .ARM.attributes
                0x000002e7       0x34 ./Drivers/STM32F4xx_HAL_Driver/Src/stm32f4xx_hal_cortex.o
 .ARM.attributes
                0x0000031b       0x34 ./Drivers/STM32F4xx_HAL_Driver/Src/stm32f4xx_hal_dac.o
 .ARM.attributes
                0x0000034f       0x34 ./Drivers/STM32F4xx_HAL_Driver/Src/stm32f4xx_hal_gpio.o
 .ARM.attributes
                0x00000383       0x34 ./Drivers/STM32F4xx_HAL_Driver/Src/stm32f4xx_hal_i2c.o
 .ARM.attributes
                0x000003b7       0x34 ./Drivers/STM32F4xx_HAL_Driver/Src/stm32f4xx_hal_i2s.o
 .ARM.attributes
                0x000003eb       0x34 ./Drivers/STM32F4xx_HAL_Driver/Src/stm32f4xx_hal_i2s_ex.o
 .ARM.attributes
                0x0000041f       0x34 ./Drivers/STM32F4xx_HAL_Driver/Src/stm32f4xx_hal_pcd.o
 .ARM.attributes
                0x00000453       0x34 ./Drivers/STM32F4xx_HAL_Driver/Src/stm32f4xx_hal_pcd_ex.o
 .ARM.attributes
                0x00000487       0x34 ./Drivers/STM32F4xx_HAL_Driver/Src/stm32f4xx_hal_rcc.o
 .ARM.attributes
                0x000004bb       0x34 ./Drivers/STM32F4xx_HAL_Driver/Src/stm32f4xx_hal_rcc_ex.o
 .ARM.attributes
                0x000004ef       0x34 ./Drivers/STM32F4xx_HAL_Driver/Src/stm32f4xx_hal_uart.o
 .ARM.attributes
                0x00000523       0x34 ./Drivers/STM32F4xx_HAL_Driver/Src/stm32f4xx_ll_usb.o
 .ARM.attributes
                0x00000557       0x34 ./Middlewares/ST/STM32_USB_Device_Library/Class/CDC/Src/usbd_cdc.o
 .ARM.attributes
                0x0000058b       0x34 ./Middlewares/ST/STM32_USB_Device_Library/Core/Src/usbd_core.o
 .ARM.attributes
                0x000005bf       0x34 ./Middlewares/ST/STM32_USB_Device_Library/Core/Src/usbd_ctlreq.o
 .ARM.attributes
                0x000005f3       0x34 ./Middlewares/ST/STM32_USB_Device_Library/Core/Src/usbd_ioreq.o
 .ARM.attributes
                0x00000627       0x34 ./USB_DEVICE/App/usb_device.o
 .ARM.attributes
                0x0000065b       0x34 ./USB_DEVICE/App/usbd_cdc_if.o
 .ARM.attributes
                0x0000068f       0x34 ./USB_DEVICE/App/usbd_desc.o
 .ARM.attributes
                0x000006c3       0x34 ./USB_DEVICE/Target/usbd_conf.o
 .ARM.attributes
                0x000006f7       0x34 C:/ST/STM32CubeIDE_1.16.1/STM32CubeIDE/plugins/com.st.stm32cube.ide.mcu.externaltools.gnu-tools-for-stm32.12.3.rel1.win32_1.0.200.202406191623/tools/bin/../lib/gcc/arm-none-eabi/12.3.1/../../../../arm-none-eabi/lib/thumb/v7e-m+fp/hard\libc_nano.a(libc_a-memset.o)
 .ARM.attributes
                0x0000072b       0x34 C:/ST/STM32CubeIDE_1.16.1/STM32CubeIDE/plugins/com.st.stm32cube.ide.mcu.externaltools.gnu-tools-for-stm32.12.3.rel1.win32_1.0.200.202406191623/tools/bin/../lib/gcc/arm-none-eabi/12.3.1/../../../../arm-none-eabi/lib/thumb/v7e-m+fp/hard\libc_nano.a(libc_a-init.o)
 .ARM.attributes
                0x0000075f       0x22 C:/ST/STM32CubeIDE_1.16.1/STM32CubeIDE/plugins/com.st.stm32cube.ide.mcu.externaltools.gnu-tools-for-stm32.12.3.rel1.win32_1.0.200.202406191623/tools/bin/../lib/gcc/arm-none-eabi/12.3.1/thumb/v7e-m+fp/hard\libgcc.a(_aeabi_uldivmod.o)
 .ARM.attributes
                0x00000781       0x34 C:/ST/STM32CubeIDE_1.16.1/STM32CubeIDE/plugins/com.st.stm32cube.ide.mcu.externaltools.gnu-tools-for-stm32.12.3.rel1.win32_1.0.200.202406191623/tools/bin/../lib/gcc/arm-none-eabi/12.3.1/thumb/v7e-m+fp/hard\libgcc.a(_udivmoddi4.o)
 .ARM.attributes
                0x000007b5       0x22 C:/ST/STM32CubeIDE_1.16.1/STM32CubeIDE/plugins/com.st.stm32cube.ide.mcu.externaltools.gnu-tools-for-stm32.12.3.rel1.win32_1.0.200.202406191623/tools/bin/../lib/gcc/arm-none-eabi/12.3.1/thumb/v7e-m+fp/hard\libgcc.a(_dvmd_tls.o)
 .ARM.attributes
                0x000007d7       0x22 C:/ST/STM32CubeIDE_1.16.1/STM32CubeIDE/plugins/com.st.stm32cube.ide.mcu.externaltools.gnu-tools-for-stm32.12.3.rel1.win32_1.0.200.202406191623/tools/bin/../lib/gcc/arm-none-eabi/12.3.1/thumb/v7e-m+fp/hard/crtn.o
OUTPUT(DAC.elf elf32-littlearm)
LOAD linker stubs
LOAD C:/ST/STM32CubeIDE_1.16.1/STM32CubeIDE/plugins/com.st.stm32cube.ide.mcu.externaltools.gnu-tools-for-stm32.12.3.rel1.win32_1.0.200.202406191623/tools/bin/../lib/gcc/arm-none-eabi/12.3.1/../../../../arm-none-eabi/lib/thumb/v7e-m+fp/hard\libc.a
LOAD C:/ST/STM32CubeIDE_1.16.1/STM32CubeIDE/plugins/com.st.stm32cube.ide.mcu.externaltools.gnu-tools-for-stm32.12.3.rel1.win32_1.0.200.202406191623/tools/bin/../lib/gcc/arm-none-eabi/12.3.1/../../../../arm-none-eabi/lib/thumb/v7e-m+fp/hard\libm.a
LOAD C:/ST/STM32CubeIDE_1.16.1/STM32CubeIDE/plugins/com.st.stm32cube.ide.mcu.externaltools.gnu-tools-for-stm32.12.3.rel1.win32_1.0.200.202406191623/tools/bin/../lib/gcc/arm-none-eabi/12.3.1/thumb/v7e-m+fp/hard\libgcc.a

.debug_info     0x00000000    0x19204
 .debug_info    0x00000000      0x995 ./Core/Src/adc.o
 .debug_info    0x00000995      0x881 ./Core/Src/dac.o
 .debug_info    0x00001216      0x459 ./Core/Src/gpio.o
 .debug_info    0x0000166f      0x968 ./Core/Src/i2c.o
 .debug_info    0x00001fd7      0xa26 ./Core/Src/i2s.o
 .debug_info    0x000029fd      0x938 ./Core/Src/main.o
 .debug_info    0x00003335      0x27c ./Core/Src/stm32f4xx_hal_msp.o
 .debug_info    0x000035b1      0x627 ./Core/Src/stm32f4xx_it.o
 .debug_info    0x00003bd8      0x512 ./Core/Src/system_stm32f4xx.o
 .debug_info    0x000040ea      0x91d ./Core/Src/usart.o
 .debug_info    0x00004a07       0x30 ./Core/Startup/startup_stm32f407vgtx.o
 .debug_info    0x00004a37      0x944 ./Drivers/STM32F4xx_HAL_Driver/Src/stm32f4xx_hal.o
 .debug_info    0x0000537b      0xcd4 ./Drivers/STM32F4xx_HAL_Driver/Src/stm32f4xx_hal_adc.o
 .debug_info    0x0000604f      0xd8c ./Drivers/STM32F4xx_HAL_Driver/Src/stm32f4xx_hal_cortex.o
 .debug_info    0x00006ddb      0xa01 ./Drivers/STM32F4xx_HAL_Driver/Src/stm32f4xx_hal_dac.o
 .debug_info    0x000077dc      0x6c3 ./Drivers/STM32F4xx_HAL_Driver/Src/stm32f4xx_hal_gpio.o
 .debug_info    0x00007e9f     0x2415 ./Drivers/STM32F4xx_HAL_Driver/Src/stm32f4xx_hal_i2c.o
 .debug_info    0x0000a2b4      0xdf8 ./Drivers/STM32F4xx_HAL_Driver/Src/stm32f4xx_hal_i2s.o
 .debug_info    0x0000b0ac      0xa9f ./Drivers/STM32F4xx_HAL_Driver/Src/stm32f4xx_hal_i2s_ex.o
 .debug_info    0x0000bb4b     0x156f ./Drivers/STM32F4xx_HAL_Driver/Src/stm32f4xx_hal_pcd.o
 .debug_info    0x0000d0ba      0x6ea ./Drivers/STM32F4xx_HAL_Driver/Src/stm32f4xx_hal_pcd_ex.o
 .debug_info    0x0000d7a4      0x8af ./Drivers/STM32F4xx_HAL_Driver/Src/stm32f4xx_hal_rcc.o
 .debug_info    0x0000e053      0x536 ./Drivers/STM32F4xx_HAL_Driver/Src/stm32f4xx_hal_rcc_ex.o
 .debug_info    0x0000e589     0x2f4f ./Drivers/STM32F4xx_HAL_Driver/Src/stm32f4xx_hal_uart.o
 .debug_info    0x000114d8     0x1993 ./Drivers/STM32F4xx_HAL_Driver/Src/stm32f4xx_ll_usb.o
 .debug_info    0x00012e6b     0x12a3 ./Middlewares/ST/STM32_USB_Device_Library/Class/CDC/Src/usbd_cdc.o
 .debug_info    0x0001410e      0xe05 ./Middlewares/ST/STM32_USB_Device_Library/Core/Src/usbd_core.o
 .debug_info    0x00014f13      0xade ./Middlewares/ST/STM32_USB_Device_Library/Core/Src/usbd_ctlreq.o
 .debug_info    0x000159f1      0x755 ./Middlewares/ST/STM32_USB_Device_Library/Core/Src/usbd_ioreq.o
 .debug_info    0x00016146      0x701 ./USB_DEVICE/App/usb_device.o
 .debug_info    0x00016847      0x8fa ./USB_DEVICE/App/usbd_cdc_if.o
 .debug_info    0x00017141      0x458 ./USB_DEVICE/App/usbd_desc.o
 .debug_info    0x00017599     0x1c6b ./USB_DEVICE/Target/usbd_conf.o

.debug_abbrev   0x00000000     0x4550
 .debug_abbrev  0x00000000      0x1f3 ./Core/Src/adc.o
 .debug_abbrev  0x000001f3      0x1fa ./Core/Src/dac.o
 .debug_abbrev  0x000003ed      0x152 ./Core/Src/gpio.o
 .debug_abbrev  0x0000053f      0x1f1 ./Core/Src/i2c.o
 .debug_abbrev  0x00000730      0x1ef ./Core/Src/i2s.o
 .debug_abbrev  0x0000091f      0x234 ./Core/Src/main.o
 .debug_abbrev  0x00000b53       0xf4 ./Core/Src/stm32f4xx_hal_msp.o
 .debug_abbrev  0x00000c47      0x1a4 ./Core/Src/stm32f4xx_it.o
 .debug_abbrev  0x00000deb      0x11a ./Core/Src/system_stm32f4xx.o
 .debug_abbrev  0x00000f05      0x1f9 ./Core/Src/usart.o
 .debug_abbrev  0x000010fe       0x24 ./Core/Startup/startup_stm32f407vgtx.o
 .debug_abbrev  0x00001122      0x214 ./Drivers/STM32F4xx_HAL_Driver/Src/stm32f4xx_hal.o
 .debug_abbrev  0x00001336      0x252 ./Drivers/STM32F4xx_HAL_Driver/Src/stm32f4xx_hal_adc.o
 .debug_abbrev  0x00001588      0x31d ./Drivers/STM32F4xx_HAL_Driver/Src/stm32f4xx_hal_cortex.o
 .debug_abbrev  0x000018a5      0x1fa ./Drivers/STM32F4xx_HAL_Driver/Src/stm32f4xx_hal_dac.o
 .debug_abbrev  0x00001a9f      0x1d4 ./Drivers/STM32F4xx_HAL_Driver/Src/stm32f4xx_hal_gpio.o
 .debug_abbrev  0x00001c73      0x2ad ./Drivers/STM32F4xx_HAL_Driver/Src/stm32f4xx_hal_i2c.o
 .debug_abbrev  0x00001f20      0x256 ./Drivers/STM32F4xx_HAL_Driver/Src/stm32f4xx_hal_i2s.o
 .debug_abbrev  0x00002176      0x276 ./Drivers/STM32F4xx_HAL_Driver/Src/stm32f4xx_hal_i2s_ex.o
 .debug_abbrev  0x000023ec      0x2b9 ./Drivers/STM32F4xx_HAL_Driver/Src/stm32f4xx_hal_pcd.o
 .debug_abbrev  0x000026a5      0x1da ./Drivers/STM32F4xx_HAL_Driver/Src/stm32f4xx_hal_pcd_ex.o
 .debug_abbrev  0x0000287f      0x2b7 ./Drivers/STM32F4xx_HAL_Driver/Src/stm32f4xx_hal_rcc.o
 .debug_abbrev  0x00002b36      0x1b0 ./Drivers/STM32F4xx_HAL_Driver/Src/stm32f4xx_hal_rcc_ex.o
 .debug_abbrev  0x00002ce6      0x30e ./Drivers/STM32F4xx_HAL_Driver/Src/stm32f4xx_hal_uart.o
 .debug_abbrev  0x00002ff4      0x2b3 ./Drivers/STM32F4xx_HAL_Driver/Src/stm32f4xx_ll_usb.o
 .debug_abbrev  0x000032a7      0x2d2 ./Middlewares/ST/STM32_USB_Device_Library/Class/CDC/Src/usbd_cdc.o
 .debug_abbrev  0x00003579      0x27c ./Middlewares/ST/STM32_USB_Device_Library/Core/Src/usbd_core.o
 .debug_abbrev  0x000037f5      0x26f ./Middlewares/ST/STM32_USB_Device_Library/Core/Src/usbd_ctlreq.o
 .debug_abbrev  0x00003a64      0x19a ./Middlewares/ST/STM32_USB_Device_Library/Core/Src/usbd_ioreq.o
 .debug_abbrev  0x00003bfe      0x195 ./USB_DEVICE/App/usb_device.o
 .debug_abbrev  0x00003d93      0x29d ./USB_DEVICE/App/usbd_cdc_if.o
 .debug_abbrev  0x00004030      0x1e1 ./USB_DEVICE/App/usbd_desc.o
 .debug_abbrev  0x00004211      0x33f ./USB_DEVICE/Target/usbd_conf.o

.debug_aranges  0x00000000     0x1488
 .debug_aranges
                0x00000000       0x30 ./Core/Src/adc.o
 .debug_aranges
                0x00000030       0x30 ./Core/Src/dac.o
 .debug_aranges
                0x00000060       0x20 ./Core/Src/gpio.o
 .debug_aranges
                0x00000080       0x30 ./Core/Src/i2c.o
 .debug_aranges
                0x000000b0       0x30 ./Core/Src/i2s.o
 .debug_aranges
                0x000000e0       0x30 ./Core/Src/main.o
 .debug_aranges
                0x00000110       0x20 ./Core/Src/stm32f4xx_hal_msp.o
 .debug_aranges
                0x00000130       0x68 ./Core/Src/stm32f4xx_it.o
 .debug_aranges
                0x00000198       0x28 ./Core/Src/system_stm32f4xx.o
 .debug_aranges
                0x000001c0       0x30 ./Core/Src/usart.o
 .debug_aranges
                0x000001f0       0x28 ./Core/Startup/startup_stm32f407vgtx.o
 .debug_aranges
                0x00000218       0xf0 ./Drivers/STM32F4xx_HAL_Driver/Src/stm32f4xx_hal.o
 .debug_aranges
                0x00000308       0xe8 ./Drivers/STM32F4xx_HAL_Driver/Src/stm32f4xx_hal_adc.o
 .debug_aranges
                0x000003f0      0x130 ./Drivers/STM32F4xx_HAL_Driver/Src/stm32f4xx_hal_cortex.o
 .debug_aranges
                0x00000520       0xc0 ./Drivers/STM32F4xx_HAL_Driver/Src/stm32f4xx_hal_dac.o
 .debug_aranges
                0x000005e0       0x58 ./Drivers/STM32F4xx_HAL_Driver/Src/stm32f4xx_hal_gpio.o
 .debug_aranges
                0x00000638      0x2a8 ./Drivers/STM32F4xx_HAL_Driver/Src/stm32f4xx_hal_i2c.o
 .debug_aranges
                0x000008e0      0x108 ./Drivers/STM32F4xx_HAL_Driver/Src/stm32f4xx_hal_i2s.o
 .debug_aranges
                0x000009e8       0x88 ./Drivers/STM32F4xx_HAL_Driver/Src/stm32f4xx_hal_i2s_ex.o
 .debug_aranges
                0x00000a70      0x148 ./Drivers/STM32F4xx_HAL_Driver/Src/stm32f4xx_hal_pcd.o
 .debug_aranges
                0x00000bb8       0x38 ./Drivers/STM32F4xx_HAL_Driver/Src/stm32f4xx_hal_pcd_ex.o
 .debug_aranges
                0x00000bf0       0x88 ./Drivers/STM32F4xx_HAL_Driver/Src/stm32f4xx_hal_rcc.o
 .debug_aranges
                0x00000c78       0x48 ./Drivers/STM32F4xx_HAL_Driver/Src/stm32f4xx_hal_rcc_ex.o
 .debug_aranges
                0x00000cc0      0x208 ./Drivers/STM32F4xx_HAL_Driver/Src/stm32f4xx_hal_uart.o
 .debug_aranges
                0x00000ec8      0x1a0 ./Drivers/STM32F4xx_HAL_Driver/Src/stm32f4xx_ll_usb.o
 .debug_aranges
                0x00001068       0x90 ./Middlewares/ST/STM32_USB_Device_Library/Class/CDC/Src/usbd_cdc.o
 .debug_aranges
                0x000010f8       0xd8 ./Middlewares/ST/STM32_USB_Device_Library/Core/Src/usbd_core.o
 .debug_aranges
                0x000011d0       0x90 ./Middlewares/ST/STM32_USB_Device_Library/Core/Src/usbd_ctlreq.o
 .debug_aranges
                0x00001260       0x50 ./Middlewares/ST/STM32_USB_Device_Library/Core/Src/usbd_ioreq.o
 .debug_aranges
                0x000012b0       0x20 ./USB_DEVICE/App/usb_device.o
 .debug_aranges
                0x000012d0       0x48 ./USB_DEVICE/App/usbd_cdc_if.o
 .debug_aranges
                0x00001318       0x60 ./USB_DEVICE/App/usbd_desc.o
 .debug_aranges
                0x00001378      0x110 ./USB_DEVICE/Target/usbd_conf.o

.debug_rnglists
                0x00000000      0xfaa
 .debug_rnglists
                0x00000000       0x21 ./Core/Src/adc.o
 .debug_rnglists
                0x00000021       0x20 ./Core/Src/dac.o
 .debug_rnglists
                0x00000041       0x14 ./Core/Src/gpio.o
 .debug_rnglists
                0x00000055       0x20 ./Core/Src/i2c.o
 .debug_rnglists
                0x00000075       0x20 ./Core/Src/i2s.o
 .debug_rnglists
                0x00000095       0x20 ./Core/Src/main.o
 .debug_rnglists
                0x000000b5       0x13 ./Core/Src/stm32f4xx_hal_msp.o
 .debug_rnglists
                0x000000c8       0x49 ./Core/Src/stm32f4xx_it.o
 .debug_rnglists
                0x00000111       0x1a ./Core/Src/system_stm32f4xx.o
 .debug_rnglists
                0x0000012b       0x20 ./Core/Src/usart.o
 .debug_rnglists
                0x0000014b       0x19 ./Core/Startup/startup_stm32f407vgtx.o
 .debug_rnglists
                0x00000164       0xaf ./Drivers/STM32F4xx_HAL_Driver/Src/stm32f4xx_hal.o
 .debug_rnglists
                0x00000213       0xb5 ./Drivers/STM32F4xx_HAL_Driver/Src/stm32f4xx_hal_adc.o
 .debug_rnglists
                0x000002c8       0xe0 ./Drivers/STM32F4xx_HAL_Driver/Src/stm32f4xx_hal_cortex.o
 .debug_rnglists
                0x000003a8       0x90 ./Drivers/STM32F4xx_HAL_Driver/Src/stm32f4xx_hal_dac.o
 .debug_rnglists
                0x00000438       0x3f ./Drivers/STM32F4xx_HAL_Driver/Src/stm32f4xx_hal_gpio.o
 .debug_rnglists
                0x00000477      0x23c ./Drivers/STM32F4xx_HAL_Driver/Src/stm32f4xx_hal_i2c.o
 .debug_rnglists
                0x000006b3       0xcc ./Drivers/STM32F4xx_HAL_Driver/Src/stm32f4xx_hal_i2s.o
 .debug_rnglists
                0x0000077f       0x6a ./Drivers/STM32F4xx_HAL_Driver/Src/stm32f4xx_hal_i2s_ex.o
 .debug_rnglists
                0x000007e9       0xfa ./Drivers/STM32F4xx_HAL_Driver/Src/stm32f4xx_hal_pcd.o
 .debug_rnglists
                0x000008e3       0x26 ./Drivers/STM32F4xx_HAL_Driver/Src/stm32f4xx_hal_pcd_ex.o
 .debug_rnglists
                0x00000909       0x66 ./Drivers/STM32F4xx_HAL_Driver/Src/stm32f4xx_hal_rcc.o
 .debug_rnglists
                0x0000096f       0x35 ./Drivers/STM32F4xx_HAL_Driver/Src/stm32f4xx_hal_rcc_ex.o
 .debug_rnglists
                0x000009a4      0x1bc ./Drivers/STM32F4xx_HAL_Driver/Src/stm32f4xx_hal_uart.o
 .debug_rnglists
                0x00000b60      0x147 ./Drivers/STM32F4xx_HAL_Driver/Src/stm32f4xx_ll_usb.o
 .debug_rnglists
                0x00000ca7       0x6c ./Middlewares/ST/STM32_USB_Device_Library/Class/CDC/Src/usbd_cdc.o
 .debug_rnglists
                0x00000d13       0xa1 ./Middlewares/ST/STM32_USB_Device_Library/Core/Src/usbd_core.o
 .debug_rnglists
                0x00000db4       0x6e ./Middlewares/ST/STM32_USB_Device_Library/Core/Src/usbd_ctlreq.o
 .debug_rnglists
                0x00000e22       0x37 ./Middlewares/ST/STM32_USB_Device_Library/Core/Src/usbd_ioreq.o
 .debug_rnglists
                0x00000e59       0x13 ./USB_DEVICE/App/usb_device.o
 .debug_rnglists
                0x00000e6c       0x32 ./USB_DEVICE/App/usbd_cdc_if.o
 .debug_rnglists
                0x00000e9e       0x43 ./USB_DEVICE/App/usbd_desc.o
 .debug_rnglists
                0x00000ee1       0xc9 ./USB_DEVICE/Target/usbd_conf.o

.debug_macro    0x00000000    0x26c0d
 .debug_macro   0x00000000      0x266 ./Core/Src/adc.o
 .debug_macro   0x00000266      0xab4 ./Core/Src/adc.o
 .debug_macro   0x00000d1a      0x2b3 ./Core/Src/adc.o
 .debug_macro   0x00000fcd       0x2e ./Core/Src/adc.o
 .debug_macro   0x00000ffb       0x2f ./Core/Src/adc.o
 .debug_macro   0x0000102a       0x22 ./Core/Src/adc.o
 .debug_macro   0x0000104c       0x8e ./Core/Src/adc.o
 .debug_macro   0x000010da       0x51 ./Core/Src/adc.o
 .debug_macro   0x0000112b      0x103 ./Core/Src/adc.o
 .debug_macro   0x0000122e       0x6a ./Core/Src/adc.o
 .debug_macro   0x00001298      0x1df ./Core/Src/adc.o
 .debug_macro   0x00001477       0x1c ./Core/Src/adc.o
 .debug_macro   0x00001493       0x22 ./Core/Src/adc.o
 .debug_macro   0x000014b5       0xfb ./Core/Src/adc.o
 .debug_macro   0x000015b0     0x1011 ./Core/Src/adc.o
 .debug_macro   0x000025c1      0x11f ./Core/Src/adc.o
 .debug_macro   0x000026e0    0x15e97 ./Core/Src/adc.o
 .debug_macro   0x00018577       0x6d ./Core/Src/adc.o
 .debug_macro   0x000185e4     0x369a ./Core/Src/adc.o
 .debug_macro   0x0001bc7e      0x189 ./Core/Src/adc.o
 .debug_macro   0x0001be07       0x5c ./Core/Src/adc.o
 .debug_macro   0x0001be63      0x980 ./Core/Src/adc.o
 .debug_macro   0x0001c7e3      0x9e9 ./Core/Src/adc.o
 .debug_macro   0x0001d1cc      0x115 ./Core/Src/adc.o
 .debug_macro   0x0001d2e1      0x13e ./Core/Src/adc.o
 .debug_macro   0x0001d41f       0xa5 ./Core/Src/adc.o
 .debug_macro   0x0001d4c4      0x174 ./Core/Src/adc.o
 .debug_macro   0x0001d638      0x287 ./Core/Src/adc.o
 .debug_macro   0x0001d8bf       0x5f ./Core/Src/adc.o
 .debug_macro   0x0001d91e      0x236 ./Core/Src/adc.o
 .debug_macro   0x0001db54      0xb5b ./Core/Src/adc.o
 .debug_macro   0x0001e6af      0x38b ./Core/Src/adc.o
 .debug_macro   0x0001ea3a      0x176 ./Core/Src/adc.o
 .debug_macro   0x0001ebb0       0xf9 ./Core/Src/adc.o
 .debug_macro   0x0001eca9      0x122 ./Core/Src/adc.o
 .debug_macro   0x0001edcb       0xa6 ./Core/Src/adc.o
 .debug_macro   0x0001ee71      0x12c ./Core/Src/adc.o
 .debug_macro   0x0001ef9d      0x21e ./Core/Src/adc.o
 .debug_macro   0x0001f1bb       0x2e ./Core/Src/adc.o
 .debug_macro   0x0001f1e9      0x1b5 ./Core/Src/adc.o
 .debug_macro   0x0001f39e       0xd6 ./Core/Src/adc.o
 .debug_macro   0x0001f474      0x1a7 ./Core/Src/adc.o
 .debug_macro   0x0001f61b       0x46 ./Core/Src/adc.o
 .debug_macro   0x0001f661       0x4a ./Core/Src/adc.o
 .debug_macro   0x0001f6ab      0x127 ./Core/Src/adc.o
 .debug_macro   0x0001f7d2       0x7e ./Core/Src/adc.o
 .debug_macro   0x0001f850       0x89 ./Core/Src/adc.o
 .debug_macro   0x0001f8d9      0x2aa ./Core/Src/adc.o
 .debug_macro   0x0001fb83      0x293 ./Core/Src/adc.o
 .debug_macro   0x0001fe16       0xba ./Core/Src/adc.o
 .debug_macro   0x0001fed0      0x12d ./Core/Src/adc.o
 .debug_macro   0x0001fffd      0x184 ./Core/Src/adc.o
 .debug_macro   0x00020181      0x266 ./Core/Src/dac.o
 .debug_macro   0x000203e7      0x266 ./Core/Src/gpio.o
 .debug_macro   0x0002064d      0x266 ./Core/Src/i2c.o
 .debug_macro   0x000208b3      0x266 ./Core/Src/i2s.o
 .debug_macro   0x00020b19      0x400 ./Core/Src/main.o
 .debug_macro   0x00020f19       0x61 ./Core/Src/main.o
 .debug_macro   0x00020f7a       0x2a ./Core/Src/main.o
 .debug_macro   0x00020fa4       0x43 ./Core/Src/main.o
 .debug_macro   0x00020fe7       0x34 ./Core/Src/main.o
 .debug_macro   0x0002101b       0x16 ./Core/Src/main.o
 .debug_macro   0x00021031       0x35 ./Core/Src/main.o
 .debug_macro   0x00021066      0x369 ./Core/Src/main.o
 .debug_macro   0x000213cf       0x10 ./Core/Src/main.o
 .debug_macro   0x000213df       0x16 ./Core/Src/main.o
 .debug_macro   0x000213f5       0x43 ./Core/Src/main.o
 .debug_macro   0x00021438       0x34 ./Core/Src/main.o
 .debug_macro   0x0002146c       0x10 ./Core/Src/main.o
 .debug_macro   0x0002147c       0x58 ./Core/Src/main.o
 .debug_macro   0x000214d4       0x8e ./Core/Src/main.o
 .debug_macro   0x00021562       0x1c ./Core/Src/main.o
 .debug_macro   0x0002157e      0x177 ./Core/Src/main.o
 .debug_macro   0x000216f5       0x16 ./Core/Src/main.o
 .debug_macro   0x0002170b       0x16 ./Core/Src/main.o
 .debug_macro   0x00021721      0x146 ./Core/Src/main.o
 .debug_macro   0x00021867       0x16 ./Core/Src/main.o
 .debug_macro   0x0002187d       0x16 ./Core/Src/main.o
 .debug_macro   0x00021893       0x29 ./Core/Src/main.o
 .debug_macro   0x000218bc       0x16 ./Core/Src/main.o
 .debug_macro   0x000218d2       0x20 ./Core/Src/main.o
 .debug_macro   0x000218f2       0x65 ./Core/Src/main.o
 .debug_macro   0x00021957      0x20f ./Core/Src/main.o
 .debug_macro   0x00021b66      0x25c ./Core/Src/stm32f4xx_hal_msp.o
 .debug_macro   0x00021dc2      0x266 ./Core/Src/stm32f4xx_it.o
 .debug_macro   0x00022028      0x24d ./Core/Src/system_stm32f4xx.o
 .debug_macro   0x00022275      0x266 ./Core/Src/usart.o
 .debug_macro   0x000224db      0x2ad ./Drivers/STM32F4xx_HAL_Driver/Src/stm32f4xx_hal.o
 .debug_macro   0x00022788      0x24e ./Drivers/STM32F4xx_HAL_Driver/Src/stm32f4xx_hal_adc.o
 .debug_macro   0x000229d6      0x24d ./Drivers/STM32F4xx_HAL_Driver/Src/stm32f4xx_hal_cortex.o
 .debug_macro   0x00022c23      0x24e ./Drivers/STM32F4xx_HAL_Driver/Src/stm32f4xx_hal_dac.o
 .debug_macro   0x00022e71      0x253 ./Drivers/STM32F4xx_HAL_Driver/Src/stm32f4xx_hal_gpio.o
 .debug_macro   0x000230c4      0x29b ./Drivers/STM32F4xx_HAL_Driver/Src/stm32f4xx_hal_i2c.o
 .debug_macro   0x0002335f      0x255 ./Drivers/STM32F4xx_HAL_Driver/Src/stm32f4xx_hal_i2s.o
 .debug_macro   0x000235b4      0x24d ./Drivers/STM32F4xx_HAL_Driver/Src/stm32f4xx_hal_i2s_ex.o
 .debug_macro   0x00023801      0x259 ./Drivers/STM32F4xx_HAL_Driver/Src/stm32f4xx_hal_pcd.o
 .debug_macro   0x00023a5a      0x24d ./Drivers/STM32F4xx_HAL_Driver/Src/stm32f4xx_hal_pcd_ex.o
 .debug_macro   0x00023ca7      0x271 ./Drivers/STM32F4xx_HAL_Driver/Src/stm32f4xx_hal_rcc.o
 .debug_macro   0x00023f18      0x24d ./Drivers/STM32F4xx_HAL_Driver/Src/stm32f4xx_hal_rcc_ex.o
 .debug_macro   0x00024165      0x24e ./Drivers/STM32F4xx_HAL_Driver/Src/stm32f4xx_hal_uart.o
 .debug_macro   0x000243b3      0x24d ./Drivers/STM32F4xx_HAL_Driver/Src/stm32f4xx_ll_usb.o
 .debug_macro   0x00024600      0x3eb ./Middlewares/ST/STM32_USB_Device_Library/Class/CDC/Src/usbd_cdc.o
 .debug_macro   0x000249eb       0x9e ./Middlewares/ST/STM32_USB_Device_Library/Class/CDC/Src/usbd_cdc.o
 .debug_macro   0x00024a89      0x10b ./Middlewares/ST/STM32_USB_Device_Library/Class/CDC/Src/usbd_cdc.o
 .debug_macro   0x00024b94       0x56 ./Middlewares/ST/STM32_USB_Device_Library/Class/CDC/Src/usbd_cdc.o
 .debug_macro   0x00024bea       0x95 ./Middlewares/ST/STM32_USB_Device_Library/Class/CDC/Src/usbd_cdc.o
 .debug_macro   0x00024c7f      0x3d2 ./Middlewares/ST/STM32_USB_Device_Library/Core/Src/usbd_core.o
 .debug_macro   0x00025051      0x215 ./Middlewares/ST/STM32_USB_Device_Library/Core/Src/usbd_core.o
 .debug_macro   0x00025266      0x3dc ./Middlewares/ST/STM32_USB_Device_Library/Core/Src/usbd_ctlreq.o
 .debug_macro   0x00025642      0x3d8 ./Middlewares/ST/STM32_USB_Device_Library/Core/Src/usbd_ioreq.o
 .debug_macro   0x00025a1a      0x40b ./USB_DEVICE/App/usb_device.o
 .debug_macro   0x00025e25      0x18a ./USB_DEVICE/App/usb_device.o
 .debug_macro   0x00025faf       0x22 ./USB_DEVICE/App/usb_device.o
 .debug_macro   0x00025fd1       0x16 ./USB_DEVICE/App/usb_device.o
 .debug_macro   0x00025fe7      0x3f6 ./USB_DEVICE/App/usbd_cdc_if.o
 .debug_macro   0x000263dd       0x10 ./USB_DEVICE/App/usbd_cdc_if.o
 .debug_macro   0x000263ed      0x415 ./USB_DEVICE/App/usbd_desc.o
 .debug_macro   0x00026802       0x1c ./USB_DEVICE/App/usbd_desc.o
 .debug_macro   0x0002681e      0x3ef ./USB_DEVICE/Target/usbd_conf.o

.debug_line     0x00000000    0x1f86a
 .debug_line    0x00000000      0x8be ./Core/Src/adc.o
 .debug_line    0x000008be      0x89a ./Core/Src/dac.o
 .debug_line    0x00001158      0x8c3 ./Core/Src/gpio.o
 .debug_line    0x00001a1b      0x8a8 ./Core/Src/i2c.o
 .debug_line    0x000022c3      0x8cc ./Core/Src/i2s.o
 .debug_line    0x00002b8f      0xb2f ./Core/Src/main.o
 .debug_line    0x000036be      0x840 ./Core/Src/stm32f4xx_hal_msp.o
 .debug_line    0x00003efe      0x919 ./Core/Src/stm32f4xx_it.o
 .debug_line    0x00004817      0x8c3 ./Core/Src/system_stm32f4xx.o
 .debug_line    0x000050da      0x8a8 ./Core/Src/usart.o
 .debug_line    0x00005982       0x7a ./Core/Startup/startup_stm32f407vgtx.o
 .debug_line    0x000059fc      0xb2c ./Drivers/STM32F4xx_HAL_Driver/Src/stm32f4xx_hal.o
 .debug_line    0x00006528     0x13b4 ./Drivers/STM32F4xx_HAL_Driver/Src/stm32f4xx_hal_adc.o
 .debug_line    0x000078dc      0xe1e ./Drivers/STM32F4xx_HAL_Driver/Src/stm32f4xx_hal_cortex.o
 .debug_line    0x000086fa      0xca0 ./Drivers/STM32F4xx_HAL_Driver/Src/stm32f4xx_hal_dac.o
 .debug_line    0x0000939a      0xcb8 ./Drivers/STM32F4xx_HAL_Driver/Src/stm32f4xx_hal_gpio.o
 .debug_line    0x0000a052     0x3c72 ./Drivers/STM32F4xx_HAL_Driver/Src/stm32f4xx_hal_i2c.o
 .debug_line    0x0000dcc4     0x1520 ./Drivers/STM32F4xx_HAL_Driver/Src/stm32f4xx_hal_i2s.o
 .debug_line    0x0000f1e4     0x1555 ./Drivers/STM32F4xx_HAL_Driver/Src/stm32f4xx_hal_i2s_ex.o
 .debug_line    0x00010739     0x1615 ./Drivers/STM32F4xx_HAL_Driver/Src/stm32f4xx_hal_pcd.o
 .debug_line    0x00011d4e      0x909 ./Drivers/STM32F4xx_HAL_Driver/Src/stm32f4xx_hal_pcd_ex.o
 .debug_line    0x00012657      0xeb7 ./Drivers/STM32F4xx_HAL_Driver/Src/stm32f4xx_hal_rcc.o
 .debug_line    0x0001350e      0xb40 ./Drivers/STM32F4xx_HAL_Driver/Src/stm32f4xx_hal_rcc_ex.o
 .debug_line    0x0001404e     0x29fe ./Drivers/STM32F4xx_HAL_Driver/Src/stm32f4xx_hal_uart.o
 .debug_line    0x00016a4c     0x1f07 ./Drivers/STM32F4xx_HAL_Driver/Src/stm32f4xx_ll_usb.o
 .debug_line    0x00018953      0xfc4 ./Middlewares/ST/STM32_USB_Device_Library/Class/CDC/Src/usbd_cdc.o
 .debug_line    0x00019917     0x103e ./Middlewares/ST/STM32_USB_Device_Library/Core/Src/usbd_core.o
 .debug_line    0x0001a955     0x124e ./Middlewares/ST/STM32_USB_Device_Library/Core/Src/usbd_ctlreq.o
 .debug_line    0x0001bba3      0xb58 ./Middlewares/ST/STM32_USB_Device_Library/Core/Src/usbd_ioreq.o
 .debug_line    0x0001c6fb      0xb14 ./USB_DEVICE/App/usb_device.o
 .debug_line    0x0001d20f      0xb77 ./USB_DEVICE/App/usbd_cdc_if.o
 .debug_line    0x0001dd86      0xbdd ./USB_DEVICE/App/usbd_desc.o
 .debug_line    0x0001e963      0xf07 ./USB_DEVICE/Target/usbd_conf.o

.debug_str      0x00000000    0xd93b5
 .debug_str     0x00000000    0xcf227 ./Core/Src/adc.o
                              0xcf534 (size before relaxing)
 .debug_str     0x000cf227      0x1b8 ./Core/Src/dac.o
                              0xcf4b7 (size before relaxing)
 .debug_str     0x000cf3df       0x72 ./Core/Src/gpio.o
                              0xcf0d4 (size before relaxing)
 .debug_str     0x000cf451      0x2c9 ./Core/Src/i2c.o
                              0xcf5f1 (size before relaxing)
 .debug_str     0x000cf71a      0x2a1 ./Core/Src/i2s.o
                              0xcf5d9 (size before relaxing)
 .debug_str     0x000cf9bb     0x4413 ./Core/Src/main.o
                              0xd3881 (size before relaxing)
 .debug_str     0x000d3dce       0x49 ./Core/Src/stm32f4xx_hal_msp.o
                              0xcf014 (size before relaxing)
 .debug_str     0x000d3e17      0x460 ./Core/Src/stm32f4xx_it.o
                              0xcf3b0 (size before relaxing)
 .debug_str     0x000d4277       0xdb ./Core/Src/system_stm32f4xx.o
                              0xcea73 (size before relaxing)
 .debug_str     0x000d4352      0x1e4 ./Core/Src/usart.o
                              0xcf57f (size before relaxing)
 .debug_str     0x000d4536       0x44 ./Core/Startup/startup_stm32f407vgtx.o
                                 0x7e (size before relaxing)
 .debug_str     0x000d457a      0xae0 ./Drivers/STM32F4xx_HAL_Driver/Src/stm32f4xx_hal.o
                              0xcf5f7 (size before relaxing)
 .debug_str     0x000d505a      0x2c5 ./Drivers/STM32F4xx_HAL_Driver/Src/stm32f4xx_hal_adc.o
                              0xcf060 (size before relaxing)
 .debug_str     0x000d531f      0x392 ./Drivers/STM32F4xx_HAL_Driver/Src/stm32f4xx_hal_cortex.o
                              0xcf373 (size before relaxing)
 .debug_str     0x000d56b1      0x1ed ./Drivers/STM32F4xx_HAL_Driver/Src/stm32f4xx_hal_dac.o
                              0xceef5 (size before relaxing)
 .debug_str     0x000d589e      0x121 ./Drivers/STM32F4xx_HAL_Driver/Src/stm32f4xx_hal_gpio.o
                              0xcebee (size before relaxing)
 .debug_str     0x000d59bf      0xb2a ./Drivers/STM32F4xx_HAL_Driver/Src/stm32f4xx_hal_i2c.o
                              0xcfa91 (size before relaxing)
 .debug_str     0x000d64e9      0x2af ./Drivers/STM32F4xx_HAL_Driver/Src/stm32f4xx_hal_i2s.o
                              0xcf064 (size before relaxing)
 .debug_str     0x000d6798      0x1d1 ./Drivers/STM32F4xx_HAL_Driver/Src/stm32f4xx_hal_i2s_ex.o
                              0xcef5f (size before relaxing)
 .debug_str     0x000d6969      0x831 ./Drivers/STM32F4xx_HAL_Driver/Src/stm32f4xx_hal_pcd.o
                              0xcf551 (size before relaxing)
 .debug_str     0x000d719a      0x115 ./Drivers/STM32F4xx_HAL_Driver/Src/stm32f4xx_hal_pcd_ex.o
                              0xcee41 (size before relaxing)
 .debug_str     0x000d72af      0x1ff ./Drivers/STM32F4xx_HAL_Driver/Src/stm32f4xx_hal_rcc.o
                              0xceea7 (size before relaxing)
 .debug_str     0x000d74ae       0xd6 ./Drivers/STM32F4xx_HAL_Driver/Src/stm32f4xx_hal_rcc_ex.o
                              0xcebc5 (size before relaxing)
 .debug_str     0x000d7584      0x608 ./Drivers/STM32F4xx_HAL_Driver/Src/stm32f4xx_hal_uart.o
                              0xcf488 (size before relaxing)
 .debug_str     0x000d7b8c      0x4b0 ./Drivers/STM32F4xx_HAL_Driver/Src/stm32f4xx_ll_usb.o
                              0xcf42c (size before relaxing)
 .debug_str     0x000d803c      0xa1e ./Middlewares/ST/STM32_USB_Device_Library/Class/CDC/Src/usbd_cdc.o